D/com.mogujie.tt.config.ProtocolConstant$ProtocolDumper( 4926): [ProtocolConstant.java:117] - 269 - packet#received packet, service:SID_SWITCH_SERVER(4), command:(1), seqNo:0
E/com.mogujie.tt.config.ProtocolConstant$ProtocolDumper( 4926): [ProtocolConstant.java:103] - 251 - no such cidList for service:SID_OTHER
D/com.mogujie.tt.config.ProtocolConstant$ProtocolDumper( 4926): [ProtocolConstant.java:117] - 251 - packet#sending packet, service:SID_OTHER(7), command:(1), seqNo:25
D/com.mogujie.tt.socket.MoGuSocket( 4926): [MoGuSocket.java:237] - 251 - packet#send ok
D/com.mogujie.tt.packet.PacketSendMonitor( 4926): [PacketSendMonitor.java:147] - 251 - send message success : sid = 7 cid = 1 seqNo = 25
D/Yamaha-MC1N2-Audio( 1847): yamaha_mc1n2_audio_output_stop()
D/Yamaha-MC1N2-Audio( 1847): yamaha_mc1n2_audio_route_start()
D/com.mogujie.tt.socket.SocketHandler( 4926): [SocketHandler.java:95] - 269 - messageReceived
D/com.mogujie.tt.packet.MessageDispatchCenter( 4926): [MessageDispatchCenter.java:81] - 269 - OnRecvMessage
D/com.mogujie.tt.packet.base.Header( 4926): [Header.java:75] - 269 - decode header, length:97, version:1, flag:0, serviceId:4, commandId:1, error:0, reserved:0
E/com.mogujie.tt.config.ProtocolConstant$ProtocolDumper( 4926): [ProtocolConstant.java:103] - 269 - no such cidList for service:SID_SWITCH_SERVER
D/com.mogujie.tt.config.ProtocolConstant$ProtocolDumper( 4926): [ProtocolConstant.java:117] - 269 - packet#received packet, service:SID_SWITCH_SERVER(4), command:(1), seqNo:0
D/com.mogujie.tt.imlib.IMHeartBeatManager( 4926): [IMHeartBeatManager.java:38] - 276 - heartbeat#timer cnt:6
I/com.mogujie.tt.imlib.IMHeartBeatManager( 4926): [IMHeartBeatManager.java:47] - 276 - heartbeat#reqSendHeartbeat
E/com.mogujie.tt.config.ProtocolConstant$ProtocolDumper( 4926): [ProtocolConstant.java:103] - 276 - no such cidList for service:SID_OTHER
D/com.mogujie.tt.config.ProtocolConstant$ProtocolDumper( 4926): [ProtocolConstant.java:117] - 276 - packet#sending packet, service:SID_OTHER(7), command:(1), seqNo:26
D/com.mogujie.tt.socket.MoGuSocket( 4926): [MoGuSocket.java:237] - 276 - packet#send ok
I/com.mogujie.tt.imlib.IMHeartBeatManager( 4926): [IMHeartBeatManager.java:55] - 276 - heartbeat#send packet to server
D/lights  ( 2207): set_light_buttons: 2
D/com.mogujie.tt.imlib.IMHeartBeatManager( 4926): [IMHeartBeatManager.java:38] - 276 - heartbeat#timer cnt:7
I/com.mogujie.tt.imlib.IMHeartBeatManager( 4926): [IMHeartBeatManager.java:47] - 276 - heartbeat#reqSendHeartbeat
E/com.mogujie.tt.config.ProtocolConstant$ProtocolDumper( 4926): [ProtocolConstant.java:103] - 276 - no such cidList for service:SID_OTHER
D/com.mogujie.tt.config.ProtocolConstant$ProtocolDumper( 4926): [ProtocolConstant.java:117] - 276 - packet#sending packet, service:SID_OTHER(7), command:(1), seqNo:27
D/com.mogujie.tt.socket.SocketHandler( 4926): [SocketHandler.java:95] - 269 - messageReceived
D/com.mogujie.tt.socket.MoGuSocket( 4926): [MoGuSocket.java:237] - 276 - packet#send ok
I/com.mogujie.tt.imlib.IMHeartBeatManager( 4926): [IMHeartBeatManager.java:55] - 276 - heartbeat#send packet to server
D/com.mogujie.tt.packet.MessageDispatchCenter( 4926): [MessageDispatchCenter.java:81] - 269 - OnRecvMessage
D/com.mogujie.tt.packet.base.Header( 4926): [Header.java:75] - 269 - decode header, length:16, version:1, flag:0, serviceId:7, commandId:1, error:0, reserved:0
E/com.mogujie.tt.config.ProtocolConstant$ProtocolDumper( 4926): [ProtocolConstant.java:103] - 269 - no such cidList for service:SID_OTHER
D/com.mogujie.tt.config.ProtocolConstant$ProtocolDumper( 4926): [ProtocolConstant.java:117] - 269 - packet#received packet, service:SID_OTHER(7), command:(1), seqNo:0
D/com.mogujie.tt.packet.base.Header( 4926): [Header.java:75] - 269 - decode header, length:16, version:1, flag:0, serviceId:7, commandId:1, error:0, reserved:0
D/com.mogujie.tt.socket.SocketHandler( 4926): [SocketHandler.java:95] - 269 - messageReceived
D/com.mogujie.tt.packet.MessageDispatchCenter( 4926): [MessageDispatchCenter.java:81] - 269 - OnRecvMessage
D/com.mogujie.tt.packet.base.Header( 4926): [Header.java:75] - 269 - decode header, length:97, version:1, flag:0, serviceId:4, commandId:1, error:0, reserved:0
E/com.mogujie.tt.config.ProtocolConstant$ProtocolDumper( 4926): [ProtocolConstant.java:103] - 269 - no such cidList for service:SID_SWITCH_SERVER
D/com.mogujie.tt.config.ProtocolConstant$ProtocolDumper( 4926): [ProtocolConstant.java:117] - 269 - packet#received packet, service:SID_SWITCH_SERVER(4), command:(1), seqNo:0
D/com.mogujie.tt.socket.SocketHandler( 4926): [SocketHandler.java:95] - 269 - messageReceived
D/com.mogujie.tt.packet.MessageDispatchCenter( 4926): [MessageDispatchCenter.java:81] - 269 - OnRecvMessage
D/com.mogujie.tt.packet.base.Header( 4926): [Header.java:75] - 269 - decode header, length:97, version:1, flag:0, serviceId:4, commandId:1, error:0, reserved:0
E/com.mogujie.tt.config.ProtocolConstant$ProtocolDumper( 4926): [ProtocolConstant.java:103] - 269 - no such cidList for service:SID_SWITCH_SERVER
D/com.mogujie.tt.config.ProtocolConstant$ProtocolDumper( 4926): [ProtocolConstant.java:117] - 269 - packet#received packet, service:SID_SWITCH_SERVER(4), command:(1), seqNo:0
D/com.mogujie.tt.socket.SocketHandler( 4926): [SocketHandler.java:95] - 269 - messageReceived
D/com.mogujie.tt.packet.MessageDispatchCenter( 4926): [MessageDispatchCenter.java:81] - 269 - OnRecvMessage
D/com.mogujie.tt.packet.base.Header( 4926): [Header.java:75] - 269 - decode header, length:97, version:1, flag:0, serviceId:4, commandId:1, error:0, reserved:0
E/com.mogujie.tt.config.ProtocolConstant$ProtocolDumper( 4926): [ProtocolConstant.java:103] - 269 - no such cidList for service:SID_SWITCH_SERVER
D/com.mogujie.tt.config.ProtocolConstant$ProtocolDumper( 4926): [ProtocolConstant.java:117] - 269 - packet#received packet, service:SID_SWITCH_SERVER(4), command:(1), seqNo:0
D/com.mogujie.tt.imlib.IMHeartBeatManager( 4926): [IMHeartBeatManager.java:38] - 276 - heartbeat#timer cnt:8
I/com.mogujie.tt.imlib.IMHeartBeatManager( 4926): [IMHeartBeatManager.java:47] - 276 - heartbeat#reqSendHeartbeat
E/com.mogujie.tt.config.ProtocolConstant$ProtocolDumper( 4926): [ProtocolConstant.java:103] - 276 - no such cidList for service:SID_OTHER
D/com.mogujie.tt.config.ProtocolConstant$ProtocolDumper( 4926): [ProtocolConstant.java:117] - 276 - packet#sending packet, service:SID_OTHER(7), command:(1), seqNo:29
D/com.mogujie.tt.socket.MoGuSocket( 4926): [MoGuSocket.java:237] - 276 - packet#send ok
I/com.mogujie.tt.imlib.IMHeartBeatManager( 4926): [IMHeartBeatManager.java:55] - 276 - heartbeat#send packet to server
D/com.mogujie.tt.socket.SocketHandler( 4926): [SocketHandler.java:95] - 269 - messageReceived
D/com.mogujie.tt.packet.MessageDispatchCenter( 4926): [MessageDispatchCenter.java:81] - 269 - OnRecvMessage
D/com.mogujie.tt.packet.base.Header( 4926): [Header.java:75] - 269 - decode header, length:16, version:1, flag:0, serviceId:7, commandId:1, error:0, reserved:0
E/com.mogujie.tt.config.ProtocolConstant$ProtocolDumper( 4926): [ProtocolConstant.java:103] - 269 - no such cidList for service:SID_OTHER
D/com.mogujie.tt.config.ProtocolConstant$ProtocolDumper( 4926): [ProtocolConstant.java:117] - 269 - packet#received packet, service:SID_OTHER(7), command:(1), seqNo:0
D/com.mogujie.tt.packet.base.Header( 4926): [Header.java:75] - 269 - decode header, length:16, version:1, flag:0, serviceId:7, commandId:1, error:0, reserved:0
D/com.mogujie.tt.imlib.IMHeartBeatManager( 4926): [IMHeartBeatManager.java:38] - 276 - heartbeat#timer cnt:9
I/com.mogujie.tt.imlib.IMHeartBeatManager( 4926): [IMHeartBeatManager.java:47] - 276 - heartbeat#reqSendHeartbeat
E/com.mogujie.tt.config.ProtocolConstant$ProtocolDumper( 4926): [ProtocolConstant.java:103] - 276 - no such cidList for service:SID_OTHER
D/com.mogujie.tt.config.ProtocolConstant$ProtocolDumper( 4926): [ProtocolConstant.java:117] - 276 - packet#sending packet, service:SID_OTHER(7), command:(1), seqNo:31
D/com.mogujie.tt.socket.MoGuSocket( 4926): [MoGuSocket.java:237] - 276 - packet#send ok
I/com.mogujie.tt.imlib.IMHeartBeatManager( 4926): [IMHeartBeatManager.java:55] - 276 - heartbeat#send packet to server
I/ActivityManager( 2207): Start proc com.google.process.location for service com.google.android.gms/com.google.android.location.internal.GoogleLocationManagerService: pid=5120 uid=10060 gids={50060, 3003, 1007, 1028, 1015, 1006, 3002, 3001, 2001, 3006}
I/MultiDex( 5120): install
I/MultiDex( 5120): MultiDexExtractor.load(/data/app/com.google.android.gms-1.apk, false)
I/MultiDex( 5120): loading existing secondary dex files
I/MultiDex( 5120): load found 1 secondary dex files
I/MultiDex( 5120): install done
I/ProviderInstaller( 5120): Insert disabled by gate 'gms:security:enable_conscrypt_in_gms_application'
D/GCM     ( 5051): GcmService start Intent { act=com.google.android.gms.INITIALIZE flg=0x10 pkg=com.google.android.gms cmp=com.google.android.gms/.gcm.GcmService } com.google.android.gms.INITIALIZE
I/dalvikvm( 5120): Could not find method android.app.AppOpsManager.checkPackage, referenced from method cbg.a
W/dalvikvm( 5120): VFY: unable to resolve virtual method 1278: Landroid/app/AppOpsManager;.checkPackage (ILjava/lang/String;)V
D/dalvikvm( 5120): VFY: replacing opcode 0x6e at 0x0010
D/GeofencerStateMachine( 5120): Creating GeofencerStateMachine
I/dalvikvm( 5120): Could not find method android.app.AlarmManager.setExact, referenced from method kzh.a
W/dalvikvm( 5120): VFY: unable to resolve virtual method 587: Landroid/app/AlarmManager;.setExact (IJLandroid/app/PendingIntent;)V
D/dalvikvm( 5120): VFY: replacing opcode 0x6e at 0x0043
I/ActivityManager( 2207): Start proc com.google.android.gms.wearable for service com.google.android.gms/.wearable.service.WearableService: pid=5140 uid=10060 gids={50060, 3003, 1007, 1028, 1015, 1006, 3002, 3001, 2001, 3006}
I/MultiDex( 5140): install
I/MultiDex( 5140): MultiDexExtractor.load(/data/app/com.google.android.gms-1.apk, false)
I/MultiDex( 5140): loading existing secondary dex files
I/MultiDex( 5140): load found 1 secondary dex files
I/MultiDex( 5140): install done
I/ProviderInstaller( 5140): Insert disabled by gate 'gms:security:enable_conscrypt_in_gms_application'
D/GCM     ( 5051): GcmService start Intent { act=com.google.android.gms.INITIALIZE flg=0x10 pkg=com.google.android.gms cmp=com.google.android.gms/.gcm.GcmService } com.google.android.gms.INITIALIZE
D/dalvikvm( 5120): DexOpt: --- BEGIN 'ads-1758545311.jar' (bootstrap=0) ---
D/dalvikvm( 5164): DexOpt: load 2ms, verify+opt 4ms, 154172 bytes
D/dalvikvm( 5120): DexOpt: --- END 'ads-1758545311.jar' (success) ---
D/dalvikvm( 5120): DEX prep '/data/data/com.google.android.gms/cache/ads-1758545311.jar': unzip in 0ms, rewrite 80ms
I/GCoreUlr( 5120): DispatchingService.onCreate()
V/GeofencerHelper( 5120): Initializing geofence's system cache.
I/dalvikvm( 5140): Could not find method android.app.AppOpsManager.checkPackage, referenced from method cbg.a
W/dalvikvm( 5140): VFY: unable to resolve virtual method 1278: Landroid/app/AppOpsManager;.checkPackage (ILjava/lang/String;)V
D/dalvikvm( 5140): VFY: replacing opcode 0x6e at 0x0010
D/GeofenceStateCache( 5120): Recovered 0 geofences.
I/GeofencerStateMachine( 5120): Network location disabled.
D/WearableClient( 5120): WearableClientImpl.onPostInitHandler: done
W/GeofencerStateMachine( 5120): Ignoring removeGeofence because network location is disabled.
D/com.mogujie.tt.socket.SocketHandler( 4926): [SocketHandler.java:95] - 269 - messageReceived
D/com.mogujie.tt.packet.MessageDispatchCenter( 4926): [MessageDispatchCenter.java:81] - 269 - OnRecvMessage
D/com.mogujie.tt.packet.base.Header( 4926): [Header.java:75] - 269 - decode header, length:28, version:1, flag:0, serviceId:2, commandId:5, error:0, reserved:0
D/com.mogujie.tt.config.ProtocolConstant$ProtocolDumper( 4926): [ProtocolConstant.java:117] - 269 - packet#received packet, service:SID_BUDDY_LIST(2), command:CID_BUDDY_LIST_STATUS_NOTIFY(5), seqNo:0
D/com.mogujie.tt.packet.base.Header( 4926): [Header.java:75] - 269 - decode header, length:28, version:1, flag:0, serviceId:2, commandId:5, error:0, reserved:0
D/com.mogujie.tt.imlib.IMHeartBeatManager( 4926): [IMHeartBeatManager.java:38] - 276 - heartbeat#timer cnt:10
I/com.mogujie.tt.imlib.IMHeartBeatManager( 4926): [IMHeartBeatManager.java:47] - 276 - heartbeat#reqSendHeartbeat
E/com.mogujie.tt.config.ProtocolConstant$ProtocolDumper( 4926): [ProtocolConstant.java:103] - 276 - no such cidList for service:SID_OTHER
D/com.mogujie.tt.config.ProtocolConstant$ProtocolDumper( 4926): [ProtocolConstant.java:117] - 276 - packet#sending packet, service:SID_OTHER(7), command:(1), seqNo:32
D/com.mogujie.tt.socket.MoGuSocket( 4926): [MoGuSocket.java:237] - 276 - packet#send ok
I/com.mogujie.tt.imlib.IMHeartBeatManager( 4926): [IMHeartBeatManager.java:55] - 276 - heartbeat#send packet to server
D/com.mogujie.tt.socket.SocketHandler( 4926): [SocketHandler.java:95] - 269 - messageReceived
D/com.mogujie.tt.packet.MessageDispatchCenter( 4926): [MessageDispatchCenter.java:81] - 269 - OnRecvMessage
D/com.mogujie.tt.packet.base.Header( 4926): [Header.java:75] - 269 - decode header, length:16, version:1, flag:0, serviceId:7, commandId:1, error:0, reserved:0
E/com.mogujie.tt.config.ProtocolConstant$ProtocolDumper( 4926): [ProtocolConstant.java:103] - 269 - no such cidList for service:SID_OTHER
D/com.mogujie.tt.config.ProtocolConstant$ProtocolDumper( 4926): [ProtocolConstant.java:117] - 269 - packet#received packet, service:SID_OTHER(7), command:(1), seqNo:0
D/com.mogujie.tt.packet.base.Header( 4926): [Header.java:75] - 269 - decode header, length:16, version:1, flag:0, serviceId:7, commandId:1, error:0, reserved:0
D/com.mogujie.tt.imlib.IMHeartBeatManager( 4926): [IMHeartBeatManager.java:38] - 276 - heartbeat#timer cnt:11
I/com.mogujie.tt.imlib.IMHeartBeatManager( 4926): [IMHeartBeatManager.java:47] - 276 - heartbeat#reqSendHeartbeat
E/com.mogujie.tt.config.ProtocolConstant$ProtocolDumper( 4926): [ProtocolConstant.java:103] - 276 - no such cidList for service:SID_OTHER
D/com.mogujie.tt.config.ProtocolConstant$ProtocolDumper( 4926): [ProtocolConstant.java:117] - 276 - packet#sending packet, service:SID_OTHER(7), command:(1), seqNo:34
D/com.mogujie.tt.socket.MoGuSocket( 4926): [MoGuSocket.java:237] - 276 - packet#send ok
I/com.mogujie.tt.imlib.IMHeartBeatManager( 4926): [IMHeartBeatManager.java:55] - 276 - heartbeat#send packet to server
E/com.mogujie.tt.config.ProtocolConstant$ProtocolDumper( 4926): [ProtocolConstant.java:103] - 251 - no such cidList for service:SID_OTHER
D/com.mogujie.tt.config.ProtocolConstant$ProtocolDumper( 4926): [ProtocolConstant.java:117] - 251 - packet#sending packet, service:SID_OTHER(7), command:(1), seqNo:35
D/com.mogujie.tt.socket.MoGuSocket( 4926): [MoGuSocket.java:237] - 251 - packet#send ok
D/com.mogujie.tt.packet.PacketSendMonitor( 4926): [PacketSendMonitor.java:147] - 251 - send message success : sid = 7 cid = 1 seqNo = 35
D/com.mogujie.tt.socket.SocketHandler( 4926): [SocketHandler.java:95] - 269 - messageReceived
D/com.mogujie.tt.packet.MessageDispatchCenter( 4926): [MessageDispatchCenter.java:81] - 269 - OnRecvMessage
D/com.mogujie.tt.packet.base.Header( 4926): [Header.java:75] - 269 - decode header, length:16, version:1, flag:0, serviceId:7, commandId:1, error:0, reserved:0
E/com.mogujie.tt.config.ProtocolConstant$ProtocolDumper( 4926): [ProtocolConstant.java:103] - 269 - no such cidList for service:SID_OTHER
D/com.mogujie.tt.config.ProtocolConstant$ProtocolDumper( 4926): [ProtocolConstant.java:117] - 269 - packet#received packet, service:SID_OTHER(7), command:(1), seqNo:0
D/com.mogujie.tt.packet.base.Header( 4926): [Header.java:75] - 269 - decode header, length:16, version:1, flag:0, serviceId:7, commandId:1, error:0, reserved:0
D/ConnectivityService( 2207): handleInetConditionHoldEnd: net=1, condition=0, published condition=0
D/StatusBar.NetworkController( 2292): updateConnectivity: intent=Intent { act=android.net.conn.INET_CONDITION_ACTION flg=0x8000010 (has extras) }
D/StatusBar.NetworkController( 2292): updateConnectivity: networkInfo=NetworkInfo: type: WIFI[], state: CONNECTED/CONNECTED, reason: (unspecified), extra: "mogujie", roaming: false, failover: false, isAvailable: true, isConnectedToProvisioningNetwork: false
D/StatusBar.NetworkController( 2292): updateConnectivity: connectionStatus=0
D/StatusBar.NetworkController( 2292): updateConnectivity: intent=Intent { act=android.net.conn.INET_CONDITION_ACTION flg=0x8000010 (has extras) }
D/StatusBar.NetworkController( 2292): updateConnectivity: networkInfo=NetworkInfo: type: WIFI[], state: CONNECTED/CONNECTED, reason: (unspecified), extra: "mogujie", roaming: false, failover: false, isAvailable: true, isConnectedToProvisioningNetwork: false
D/StatusBar.NetworkController( 2292): updateConnectivity: connectionStatus=0
D/com.mogujie.tt.imlib.IMHeartBeatManager( 4926): [IMHeartBeatManager.java:38] - 276 - heartbeat#timer cnt:12
I/com.mogujie.tt.imlib.IMHeartBeatManager( 4926): [IMHeartBeatManager.java:47] - 276 - heartbeat#reqSendHeartbeat
E/com.mogujie.tt.config.ProtocolConstant$ProtocolDumper( 4926): [ProtocolConstant.java:103] - 276 - no such cidList for service:SID_OTHER
D/com.mogujie.tt.config.ProtocolConstant$ProtocolDumper( 4926): [ProtocolConstant.java:117] - 276 - packet#sending packet, service:SID_OTHER(7), command:(1), seqNo:37
D/com.mogujie.tt.socket.MoGuSocket( 4926): [MoGuSocket.java:237] - 276 - packet#send ok
I/com.mogujie.tt.imlib.IMHeartBeatManager( 4926): [IMHeartBeatManager.java:55] - 276 - heartbeat#send packet to server
D/com.mogujie.tt.imlib.IMHeartBeatManager( 4926): [IMHeartBeatManager.java:38] - 276 - heartbeat#timer cnt:13
I/com.mogujie.tt.imlib.IMHeartBeatManager( 4926): [IMHeartBeatManager.java:47] - 276 - heartbeat#reqSendHeartbeat
E/com.mogujie.tt.config.ProtocolConstant$ProtocolDumper( 4926): [ProtocolConstant.java:103] - 276 - no such cidList for service:SID_OTHER
D/com.mogujie.tt.socket.SocketHandler( 4926): [SocketHandler.java:95] - 269 - messageReceived
D/com.mogujie.tt.config.ProtocolConstant$ProtocolDumper( 4926): [ProtocolConstant.java:117] - 276 - packet#sending packet, service:SID_OTHER(7), command:(1), seqNo:38
D/com.mogujie.tt.socket.MoGuSocket( 4926): [MoGuSocket.java:237] - 276 - packet#send ok
D/com.mogujie.tt.packet.MessageDispatchCenter( 4926): [MessageDispatchCenter.java:81] - 269 - OnRecvMessage
D/com.mogujie.tt.packet.base.Header( 4926): [Header.java:75] - 269 - decode header, length:16, version:1, flag:0, serviceId:7, commandId:1, error:0, reserved:0
I/com.mogujie.tt.imlib.IMHeartBeatManager( 4926): [IMHeartBeatManager.java:55] - 276 - heartbeat#send packet to server
E/com.mogujie.tt.config.ProtocolConstant$ProtocolDumper( 4926): [ProtocolConstant.java:103] - 269 - no such cidList for service:SID_OTHER
D/com.mogujie.tt.config.ProtocolConstant$ProtocolDumper( 4926): [ProtocolConstant.java:117] - 269 - packet#received packet, service:SID_OTHER(7), command:(1), seqNo:0
D/com.mogujie.tt.packet.base.Header( 4926): [Header.java:75] - 269 - decode header, length:16, version:1, flag:0, serviceId:7, commandId:1, error:0, reserved:0
I/ActivityManager( 2207): Start proc com.tencent.mtt:service for service com.tencent.mtt/.browser.push.service.PushRemoteService: pid=5191 uid=10063 gids={50063, 3003, 1006, 1015, 1028}
D/com.mogujie.tt.socket.SocketHandler( 4926): [SocketHandler.java:95] - 269 - messageReceived
D/com.mogujie.tt.packet.MessageDispatchCenter( 4926): [MessageDispatchCenter.java:81] - 269 - OnRecvMessage
D/com.mogujie.tt.packet.base.Header( 4926): [Header.java:75] - 269 - decode header, length:16, version:1, flag:0, serviceId:7, commandId:1, error:0, reserved:0
E/com.mogujie.tt.config.ProtocolConstant$ProtocolDumper( 4926): [ProtocolConstant.java:103] - 269 - no such cidList for service:SID_OTHER
D/com.mogujie.tt.config.ProtocolConstant$ProtocolDumper( 4926): [ProtocolConstant.java:117] - 269 - packet#received packet, service:SID_OTHER(7), command:(1), seqNo:0
D/com.mogujie.tt.packet.base.Header( 4926): [Header.java:75] - 269 - decode header, length:16, version:1, flag:0, serviceId:7, commandId:1, error:0, reserved:0
D/com.mogujie.tt.imlib.IMHeartBeatManager( 4926): [IMHeartBeatManager.java:38] - 276 - heartbeat#timer cnt:14
I/com.mogujie.tt.imlib.IMHeartBeatManager( 4926): [IMHeartBeatManager.java:47] - 276 - heartbeat#reqSendHeartbeat
E/com.mogujie.tt.config.ProtocolConstant$ProtocolDumper( 4926): [ProtocolConstant.java:103] - 276 - no such cidList for service:SID_OTHER
D/com.mogujie.tt.config.ProtocolConstant$ProtocolDumper( 4926): [ProtocolConstant.java:117] - 276 - packet#sending packet, service:SID_OTHER(7), command:(1), seqNo:41
D/com.mogujie.tt.socket.MoGuSocket( 4926): [MoGuSocket.java:237] - 276 - packet#send ok
I/com.mogujie.tt.imlib.IMHeartBeatManager( 4926): [IMHeartBeatManager.java:55] - 276 - heartbeat#send packet to server
W/ActivityThread( 5051): ClassLoader.loadClass: The class loader returned by Thread.getContextClassLoader() may fail for processes that host multiple applications. You should explicitly specify a context class loader. For example: Thread.setContextClassLoader(getClass().getClassLoader());
D/com.mogujie.tt.imlib.IMHeartBeatManager( 4926): [IMHeartBeatManager.java:38] - 276 - heartbeat#timer cnt:15
I/com.mogujie.tt.imlib.IMHeartBeatManager( 4926): [IMHeartBeatManager.java:47] - 276 - heartbeat#reqSendHeartbeat
D/com.mogujie.tt.socket.SocketHandler( 4926): [SocketHandler.java:95] - 269 - messageReceived
E/com.mogujie.tt.config.ProtocolConstant$ProtocolDumper( 4926): [ProtocolConstant.java:103] - 276 - no such cidList for service:SID_OTHER
D/com.mogujie.tt.config.ProtocolConstant$ProtocolDumper( 4926): [ProtocolConstant.java:117] - 276 - packet#sending packet, service:SID_OTHER(7), command:(1), seqNo:42
D/com.mogujie.tt.packet.MessageDispatchCenter( 4926): [MessageDispatchCenter.java:81] - 269 - OnRecvMessage
D/com.mogujie.tt.packet.base.Header( 4926): [Header.java:75] - 269 - decode header, length:16, version:1, flag:0, serviceId:7, commandId:1, error:0, reserved:0
D/com.mogujie.tt.socket.MoGuSocket( 4926): [MoGuSocket.java:237] - 276 - packet#send ok
I/com.mogujie.tt.imlib.IMHeartBeatManager( 4926): [IMHeartBeatManager.java:55] - 276 - heartbeat#send packet to server
E/com.mogujie.tt.config.ProtocolConstant$ProtocolDumper( 4926): [ProtocolConstant.java:103] - 269 - no such cidList for service:SID_OTHER
D/com.mogujie.tt.config.ProtocolConstant$ProtocolDumper( 4926): [ProtocolConstant.java:117] - 269 - packet#received packet, service:SID_OTHER(7), command:(1), seqNo:0
D/com.mogujie.tt.packet.base.Header( 4926): [Header.java:75] - 269 - decode header, length:16, version:1, flag:0, serviceId:7, commandId:1, error:0, reserved:0
D/GCM     ( 5051): Connected
I/GCM     ( 5051): GCM message com.google.android.gsf.gtalkservice 
D/GCM     ( 5051): Message class mpg
D/ConnectivityService( 2207): handleInetConditionHoldEnd: net=1, condition=100, published condition=0
D/StatusBar.NetworkController( 2292): updateConnectivity: intent=Intent { act=android.net.conn.INET_CONDITION_ACTION flg=0x8000010 (has extras) }
D/StatusBar.NetworkController( 2292): updateConnectivity: networkInfo=NetworkInfo: type: WIFI[], state: CONNECTED/CONNECTED, reason: (unspecified), extra: "mogujie", roaming: false, failover: false, isAvailable: true, isConnectedToProvisioningNetwork: false
D/StatusBar.NetworkController( 2292): updateConnectivity: connectionStatus=100
D/StatusBar.NetworkController( 2292): updateConnectivity: intent=Intent { act=android.net.conn.INET_CONDITION_ACTION flg=0x8000010 (has extras) }
D/StatusBar.NetworkController( 2292): updateConnectivity: networkInfo=NetworkInfo: type: WIFI[], state: CONNECTED/CONNECTED, reason: (unspecified), extra: "mogujie", roaming: false, failover: false, isAvailable: true, isConnectedToProvisioningNetwork: false
D/StatusBar.NetworkController( 2292): updateConnectivity: connectionStatus=100
I/ActivityManager( 2207): Start proc com.coolsnow.screenshot360:QLocal for service com.coolsnow.screenshot360/com.qihoo.psdk.local.QLocalService: pid=5219 uid=10055 gids={50055, 3003, 1015, 1028}
I/ActivityManager( 2207): Start proc com.coolsnow.screenshot360:QRemote for service com.coolsnow.screenshot360/com.qihoo.psdk.remote.QRemoteService: pid=5233 uid=10055 gids={50055, 3003, 1015, 1028}
D/com.mogujie.tt.imlib.IMHeartBeatManager( 4926): [IMHeartBeatManager.java:38] - 276 - heartbeat#timer cnt:16
I/com.mogujie.tt.imlib.IMHeartBeatManager( 4926): [IMHeartBeatManager.java:47] - 276 - heartbeat#reqSendHeartbeat
E/com.mogujie.tt.config.ProtocolConstant$ProtocolDumper( 4926): [ProtocolConstant.java:103] - 276 - no such cidList for service:SID_OTHER
D/com.mogujie.tt.config.ProtocolConstant$ProtocolDumper( 4926): [ProtocolConstant.java:117] - 276 - packet#sending packet, service:SID_OTHER(7), command:(1), seqNo:44
D/com.mogujie.tt.socket.MoGuSocket( 4926): [MoGuSocket.java:237] - 276 - packet#send ok
I/com.mogujie.tt.imlib.IMHeartBeatManager( 4926): [IMHeartBeatManager.java:55] - 276 - heartbeat#send packet to server
D/com.mogujie.tt.socket.SocketHandler( 4926): [SocketHandler.java:95] - 269 - messageReceived
D/com.mogujie.tt.packet.MessageDispatchCenter( 4926): [MessageDispatchCenter.java:81] - 269 - OnRecvMessage
D/com.mogujie.tt.packet.base.Header( 4926): [Header.java:75] - 269 - decode header, length:16, version:1, flag:0, serviceId:7, commandId:1, error:0, reserved:0
E/com.mogujie.tt.config.ProtocolConstant$ProtocolDumper( 4926): [ProtocolConstant.java:103] - 269 - no such cidList for service:SID_OTHER
D/com.mogujie.tt.config.ProtocolConstant$ProtocolDumper( 4926): [ProtocolConstant.java:117] - 269 - packet#received packet, service:SID_OTHER(7), command:(1), seqNo:0
D/com.mogujie.tt.packet.base.Header( 4926): [Header.java:75] - 269 - decode header, length:16, version:1, flag:0, serviceId:7, commandId:1, error:0, reserved:0
D/com.mogujie.tt.imlib.IMHeartBeatManager( 4926): [IMHeartBeatManager.java:38] - 276 - heartbeat#timer cnt:17
I/com.mogujie.tt.imlib.IMHeartBeatManager( 4926): [IMHeartBeatManager.java:47] - 276 - heartbeat#reqSendHeartbeat
E/com.mogujie.tt.config.ProtocolConstant$ProtocolDumper( 4926): [ProtocolConstant.java:103] - 276 - no such cidList for service:SID_OTHER
D/com.mogujie.tt.config.ProtocolConstant$ProtocolDumper( 4926): [ProtocolConstant.java:117] - 276 - packet#sending packet, service:SID_OTHER(7), command:(1), seqNo:46
D/com.mogujie.tt.socket.MoGuSocket( 4926): [MoGuSocket.java:237] - 276 - packet#send ok
I/com.mogujie.tt.imlib.IMHeartBeatManager( 4926): [IMHeartBeatManager.java:55] - 276 - heartbeat#send packet to server
I/PowerManagerService( 2207): Going to sleep due to screen timeout...
I/ActivityManager( 2207): Start proc com.netease.pushcenter.host.service.PushService for service com.netease.caipiao/com.netease.pushcenter.host.service.PushService: pid=5253 uid=10086 gids={50086, 3003, 1015, 1028}
I/dalvikvm( 5253): Turning on JNI app bug workarounds for target SDK version 7...
I/System.out( 5253): app instance
I/System.out( 5253): setContext com.netease.pushcenter.host.a@41b30d08 com.netease.pushcenter.host.service.PushService@41b308e0
I/System.out( 5253): setContext com.netease.pushcenter.host.a@41b30d08 com.netease.pushcenter.host.service.PushService@41b308e0
D/SurfaceFlinger( 1844): Screen released, type=0 flinger=0x4080d478
D/AKMD2   ( 2207): akm_disable_sensor: Accel is disabled. (orien = 0)
I/AKMD2   ( 2207): enable_accelerometer, mEnabled = 1, enable = 0
I/WindowManager( 2207): Screenshot Window{421f7458 u0 AtchDlg:com.mogujie.tt/com.mogujie.tt.ui.activity.MessageActivity} was all black! mSurfaceLayer=21030 minLayer=21025 maxLayer=21030
I/com.mogujie.tt.ui.utils.IMServiceHelper( 4926): [IMServiceHelper.java:112] - 1 - unbindservice ok
D/PhoneApp( 2441): mReceiver: ACTION_SCREEN_OFF / ACTION_SCREEN_ON
D/AccelerometerListener( 2441): enable(false)
W/InputMethodManagerService( 2207): Window already focused, ignoring focus gain of: com.android.internal.view.IInputMethodClient$Stub$Proxy@4229d2a0 attribute=null, token = android.os.BinderProxy@422d9a58
D/TinyALSA-Audio Hardware( 1847): audio_hw_set_parameters(0x419752b8, screen_state=off)++
D/TinyALSA-Audio Hardware( 1847): audio_hw_set_parameters(0x419752b8, screen_state=off)-- (PARAMETER ERROR)
D/com.mogujie.tt.socket.SocketHandler( 4926): [SocketHandler.java:95] - 269 - messageReceived
D/com.mogujie.tt.packet.MessageDispatchCenter( 4926): [MessageDispatchCenter.java:81] - 269 - OnRecvMessage
D/com.mogujie.tt.packet.base.Header( 4926): [Header.java:75] - 269 - decode header, length:16, version:1, flag:0, serviceId:7, commandId:1, error:0, reserved:0
E/com.mogujie.tt.config.ProtocolConstant$ProtocolDumper( 4926): [ProtocolConstant.java:103] - 269 - no such cidList for service:SID_OTHER
D/com.mogujie.tt.config.ProtocolConstant$ProtocolDumper( 4926): [ProtocolConstant.java:117] - 269 - packet#received packet, service:SID_OTHER(7), command:(1), seqNo:0
D/com.mogujie.tt.packet.base.Header( 4926): [Header.java:75] - 269 - decode header, length:16, version:1, flag:0, serviceId:7, commandId:1, error:0, reserved:0
E/com.mogujie.tt.config.ProtocolConstant$ProtocolDumper( 4926): [ProtocolConstant.java:103] - 251 - no such cidList for service:SID_OTHER
D/com.mogujie.tt.config.ProtocolConstant$ProtocolDumper( 4926): [ProtocolConstant.java:117] - 251 - packet#sending packet, service:SID_OTHER(7), command:(1), seqNo:48
D/com.mogujie.tt.socket.MoGuSocket( 4926): [MoGuSocket.java:237] - 251 - packet#send ok
D/com.mogujie.tt.packet.PacketSendMonitor( 4926): [PacketSendMonitor.java:147] - 251 - send message success : sid = 7 cid = 1 seqNo = 48
D/com.mogujie.tt.imlib.IMHeartBeatManager( 4926): [IMHeartBeatManager.java:38] - 276 - heartbeat#timer cnt:18
I/com.mogujie.tt.imlib.IMHeartBeatManager( 4926): [IMHeartBeatManager.java:47] - 276 - heartbeat#reqSendHeartbeat
E/com.mogujie.tt.config.ProtocolConstant$ProtocolDumper( 4926): [ProtocolConstant.java:103] - 276 - no such cidList for service:SID_OTHER
D/com.mogujie.tt.config.ProtocolConstant$ProtocolDumper( 4926): [ProtocolConstant.java:117] - 276 - packet#sending packet, service:SID_OTHER(7), command:(1), seqNo:49
D/com.mogujie.tt.socket.MoGuSocket( 4926): [MoGuSocket.java:237] - 276 - packet#send ok
I/com.mogujie.tt.imlib.IMHeartBeatManager( 4926): [IMHeartBeatManager.java:55] - 276 - heartbeat#send packet to server
I/ActivityManager( 2207): Start proc com.cyanogenmod.lockclock for broadcast com.cyanogenmod.lockclock/.ClockWidgetProvider: pid=5276 uid=10030 gids={50030, 3003, 1028}
I/ActivityManager( 2207): Start proc com.google.android.gsf.login for service com.google.android.gsf.login/com.google.android.gsf.loginservice.GoogleLoginService: pid=5293 uid=10060 gids={50060, 3003, 1007, 1028, 1015, 1006, 3002, 3001, 2001, 3006}
V/KeyguardHostView( 2207): hide transport, gen:2
V/KeyguardHostView( 2207): music state changed: 0
D/PhoneStatusBar( 2292): disable: < EXPAND* icons alerts TICKER* system_info back home RECENT* clock search >
V/TAG     ( 2207): bug 7643792: fitSystemWindows([0,38][0,0])
D/PhoneStatusBar( 2292): disable: < EXPAND icons alerts TICKER system_info BACK* HOME* RECENT CLOCK* search >
D/com.mogujie.tt.socket.SocketHandler( 4926): [SocketHandler.java:95] - 269 - messageReceived
D/com.mogujie.tt.packet.MessageDispatchCenter( 4926): [MessageDispatchCenter.java:81] - 269 - OnRecvMessage
D/com.mogujie.tt.packet.base.Header( 4926): [Header.java:75] - 269 - decode header, length:16, version:1, flag:0, serviceId:7, commandId:1, error:0, reserved:0
E/com.mogujie.tt.config.ProtocolConstant$ProtocolDumper( 4926): [ProtocolConstant.java:103] - 269 - no such cidList for service:SID_OTHER
D/com.mogujie.tt.config.ProtocolConstant$ProtocolDumper( 4926): [ProtocolConstant.java:117] - 269 - packet#received packet, service:SID_OTHER(7), command:(1), seqNo:0
D/com.mogujie.tt.packet.base.Header( 4926): [Header.java:75] - 269 - decode header, length:16, version:1, flag:0, serviceId:7, commandId:1, error:0, reserved:0
D/com.mogujie.tt.imlib.IMHeartBeatManager( 4926): [IMHeartBeatManager.java:38] - 276 - heartbeat#timer cnt:19
I/com.mogujie.tt.imlib.IMHeartBeatManager( 4926): [IMHeartBeatManager.java:47] - 276 - heartbeat#reqSendHeartbeat
E/com.mogujie.tt.config.ProtocolConstant$ProtocolDumper( 4926): [ProtocolConstant.java:103] - 276 - no such cidList for service:SID_OTHER
D/com.mogujie.tt.config.ProtocolConstant$ProtocolDumper( 4926): [ProtocolConstant.java:117] - 276 - packet#sending packet, service:SID_OTHER(7), command:(1), seqNo:51
D/com.mogujie.tt.socket.MoGuSocket( 4926): [MoGuSocket.java:237] - 276 - packet#send ok
I/com.mogujie.tt.imlib.IMHeartBeatManager( 4926): [IMHeartBeatManager.java:55] - 276 - heartbeat#send packet to server
I/ActivityManager( 2207): Start proc com.sina.weibo for service com.sina.weibo/.weiyou.refactor.service.DMService: pid=5314 uid=10084 gids={50084, 1006, 3003, 1015, 1028}
I/dalvikvm( 5314): Turning on JNI app bug workarounds for target SDK version 11...
D/dalvikvm( 5314): Trying to load lib /data/app-lib/com.sina.weibo-1/libutility.so 0x41b2c968
D/dalvikvm( 5314): Added shared lib /data/app-lib/com.sina.weibo-1/libutility.so 0x41b2c968
D/dalvikvm( 5314): No JNI_OnLoad found in /data/app-lib/com.sina.weibo-1/libutility.so 0x41b2c968, skipping init
I/ActivityManager( 2207): Start proc com.sina.weibo:remote for content provider com.sina.weibo/com.sina.push.datacenter.PushProvider: pid=5340 uid=10084 gids={50084, 1006, 3003, 1015, 1028}
I/dalvikvm( 5340): Turning on JNI app bug workarounds for target SDK version 11...
D/dalvikvm( 5340): Trying to load lib /data/app-lib/com.sina.weibo-1/libutility.so 0x41b2c778
D/dalvikvm( 5340): Added shared lib /data/app-lib/com.sina.weibo-1/libutility.so 0x41b2c778
D/dalvikvm( 5340): No JNI_OnLoad found in /data/app-lib/com.sina.weibo-1/libutility.so 0x41b2c778, skipping init
D/dalvikvm( 5314): Trying to load lib /data/app-lib/com.sina.weibo-1/libleveldbjni.so 0x41c2e860
D/dalvikvm( 5314): Added shared lib /data/app-lib/com.sina.weibo-1/libleveldbjni.so 0x41c2e860
I/LevelDB ( 5314): Opening database /data/data/com.sina.weibo/cache/dm_push_db3031218477
I/LevelDB ( 5314): Opened database
D/com.mogujie.tt.socket.SocketHandler( 4926): [SocketHandler.java:95] - 269 - messageReceived
D/com.mogujie.tt.packet.MessageDispatchCenter( 4926): [MessageDispatchCenter.java:81] - 269 - OnRecvMessage
D/com.mogujie.tt.packet.base.Header( 4926): [Header.java:75] - 269 - decode header, length:16, version:1, flag:0, serviceId:7, commandId:1, error:0, reserved:0
E/com.mogujie.tt.config.ProtocolConstant$ProtocolDumper( 4926): [ProtocolConstant.java:103] - 269 - no such cidList for service:SID_OTHER
D/com.mogujie.tt.config.ProtocolConstant$ProtocolDumper( 4926): [ProtocolConstant.java:117] - 269 - packet#received packet, service:SID_OTHER(7), command:(1), seqNo:0
D/com.mogujie.tt.packet.base.Header( 4926): [Header.java:75] - 269 - decode header, length:16, version:1, flag:0, serviceId:7, commandId:1, error:0, reserved:0
W/ActivityManager( 2207): Unable to start service Intent { act=sina.push.action.service.null (has extras) } U=0: not found
D/com.mogujie.tt.imlib.IMHeartBeatManager( 4926): [IMHeartBeatManager.java:38] - 276 - heartbeat#timer cnt:20
I/com.mogujie.tt.imlib.IMHeartBeatManager( 4926): [IMHeartBeatManager.java:47] - 276 - heartbeat#reqSendHeartbeat
E/com.mogujie.tt.config.ProtocolConstant$ProtocolDumper( 4926): [ProtocolConstant.java:103] - 276 - no such cidList for service:SID_OTHER
D/com.mogujie.tt.config.ProtocolConstant$ProtocolDumper( 4926): [ProtocolConstant.java:117] - 276 - packet#sending packet, service:SID_OTHER(7), command:(1), seqNo:53
D/com.mogujie.tt.socket.MoGuSocket( 4926): [MoGuSocket.java:237] - 276 - packet#send ok
I/com.mogujie.tt.imlib.IMHeartBeatManager( 4926): [IMHeartBeatManager.java:55] - 276 - heartbeat#send packet to server
D/com.mogujie.tt.socket.SocketHandler( 4926): [SocketHandler.java:95] - 269 - messageReceived
D/com.mogujie.tt.packet.MessageDispatchCenter( 4926): [MessageDispatchCenter.java:81] - 269 - OnRecvMessage
D/com.mogujie.tt.packet.base.Header( 4926): [Header.java:75] - 269 - decode header, length:16, version:1, flag:0, serviceId:7, commandId:1, error:0, reserved:0
E/com.mogujie.tt.config.ProtocolConstant$ProtocolDumper( 4926): [ProtocolConstant.java:103] - 269 - no such cidList for service:SID_OTHER
D/com.mogujie.tt.config.ProtocolConstant$ProtocolDumper( 4926): [ProtocolConstant.java:117] - 269 - packet#received packet, service:SID_OTHER(7), command:(1), seqNo:0
D/com.mogujie.tt.packet.base.Header( 4926): [Header.java:75] - 269 - decode header, length:16, version:1, flag:0, serviceId:7, commandId:1, error:0, reserved:0
D/com.mogujie.tt.imlib.IMHeartBeatManager( 4926): [IMHeartBeatManager.java:38] - 276 - heartbeat#timer cnt:21
I/com.mogujie.tt.imlib.IMHeartBeatManager( 4926): [IMHeartBeatManager.java:47] - 276 - heartbeat#reqSendHeartbeat
E/com.mogujie.tt.config.ProtocolConstant$ProtocolDumper( 4926): [ProtocolConstant.java:103] - 276 - no such cidList for service:SID_OTHER
D/com.mogujie.tt.config.ProtocolConstant$ProtocolDumper( 4926): [ProtocolConstant.java:117] - 276 - packet#sending packet, service:SID_OTHER(7), command:(1), seqNo:55
D/com.mogujie.tt.socket.MoGuSocket( 4926): [MoGuSocket.java:237] - 276 - packet#send ok
I/com.mogujie.tt.imlib.IMHeartBeatManager( 4926): [IMHeartBeatManager.java:55] - 276 - heartbeat#send packet to server
D/com.mogujie.tt.socket.SocketHandler( 4926): [SocketHandler.java:95] - 269 - messageReceived
D/com.mogujie.tt.packet.MessageDispatchCenter( 4926): [MessageDispatchCenter.java:81] - 269 - OnRecvMessage
D/com.mogujie.tt.packet.base.Header( 4926): [Header.java:75] - 269 - decode header, length:16, version:1, flag:0, serviceId:7, commandId:1, error:0, reserved:0
E/com.mogujie.tt.config.ProtocolConstant$ProtocolDumper( 4926): [ProtocolConstant.java:103] - 269 - no such cidList for service:SID_OTHER
D/com.mogujie.tt.config.ProtocolConstant$ProtocolDumper( 4926): [ProtocolConstant.java:117] - 269 - packet#received packet, service:SID_OTHER(7), command:(1), seqNo:0
D/com.mogujie.tt.packet.base.Header( 4926): [Header.java:75] - 269 - decode header, length:16, version:1, flag:0, serviceId:7, commandId:1, error:0, reserved:0
D/com.mogujie.tt.imlib.IMHeartBeatManager( 4926): [IMHeartBeatManager.java:38] - 276 - heartbeat#timer cnt:22
I/com.mogujie.tt.imlib.IMHeartBeatManager( 4926): [IMHeartBeatManager.java:47] - 276 - heartbeat#reqSendHeartbeat
E/com.mogujie.tt.config.ProtocolConstant$ProtocolDumper( 4926): [ProtocolConstant.java:103] - 276 - no such cidList for service:SID_OTHER
D/com.mogujie.tt.config.ProtocolConstant$ProtocolDumper( 4926): [ProtocolConstant.java:117] - 276 - packet#sending packet, service:SID_OTHER(7), command:(1), seqNo:57
D/com.mogujie.tt.socket.MoGuSocket( 4926): [MoGuSocket.java:237] - 276 - packet#send ok
I/com.mogujie.tt.imlib.IMHeartBeatManager( 4926): [IMHeartBeatManager.java:55] - 276 - heartbeat#send packet to server
D/com.mogujie.tt.socket.SocketHandler( 4926): [SocketHandler.java:95] - 269 - messageReceived
D/com.mogujie.tt.packet.MessageDispatchCenter( 4926): [MessageDispatchCenter.java:81] - 269 - OnRecvMessage
D/com.mogujie.tt.packet.base.Header( 4926): [Header.java:75] - 269 - decode header, length:16, version:1, flag:0, serviceId:7, commandId:1, error:0, reserved:0
E/com.mogujie.tt.config.ProtocolConstant$ProtocolDumper( 4926): [ProtocolConstant.java:103] - 269 - no such cidList for service:SID_OTHER
D/com.mogujie.tt.config.ProtocolConstant$ProtocolDumper( 4926): [ProtocolConstant.java:117] - 269 - packet#received packet, service:SID_OTHER(7), command:(1), seqNo:0
D/com.mogujie.tt.packet.base.Header( 4926): [Header.java:75] - 269 - decode header, length:16, version:1, flag:0, serviceId:7, commandId:1, error:0, reserved:0
D/com.mogujie.tt.imlib.IMHeartBeatManager( 4926): [IMHeartBeatManager.java:38] - 276 - heartbeat#timer cnt:23
I/com.mogujie.tt.imlib.IMHeartBeatManager( 4926): [IMHeartBeatManager.java:47] - 276 - heartbeat#reqSendHeartbeat
E/com.mogujie.tt.config.ProtocolConstant$ProtocolDumper( 4926): [ProtocolConstant.java:103] - 276 - no such cidList for service:SID_OTHER
D/com.mogujie.tt.config.ProtocolConstant$ProtocolDumper( 4926): [ProtocolConstant.java:117] - 276 - packet#sending packet, service:SID_OTHER(7), command:(1), seqNo:59
D/com.mogujie.tt.socket.MoGuSocket( 4926): [MoGuSocket.java:237] - 276 - packet#send ok
I/com.mogujie.tt.imlib.IMHeartBeatManager( 4926): [IMHeartBeatManager.java:55] - 276 - heartbeat#send packet to server
E/com.mogujie.tt.config.ProtocolConstant$ProtocolDumper( 4926): [ProtocolConstant.java:103] - 251 - no such cidList for service:SID_OTHER
D/com.mogujie.tt.config.ProtocolConstant$ProtocolDumper( 4926): [ProtocolConstant.java:117] - 251 - packet#sending packet, service:SID_OTHER(7), command:(1), seqNo:60
D/com.mogujie.tt.socket.MoGuSocket( 4926): [MoGuSocket.java:237] - 251 - packet#send ok
D/com.mogujie.tt.packet.PacketSendMonitor( 4926): [PacketSendMonitor.java:147] - 251 - send message success : sid = 7 cid = 1 seqNo = 60
D/com.mogujie.tt.socket.SocketHandler( 4926): [SocketHandler.java:95] - 269 - messageReceived
D/com.mogujie.tt.packet.MessageDispatchCenter( 4926): [MessageDispatchCenter.java:81] - 269 - OnRecvMessage
D/com.mogujie.tt.packet.base.Header( 4926): [Header.java:75] - 269 - decode header, length:16, version:1, flag:0, serviceId:7, commandId:1, error:0, reserved:0
E/com.mogujie.tt.config.ProtocolConstant$ProtocolDumper( 4926): [ProtocolConstant.java:103] - 269 - no such cidList for service:SID_OTHER
D/com.mogujie.tt.config.ProtocolConstant$ProtocolDumper( 4926): [ProtocolConstant.java:117] - 269 - packet#received packet, service:SID_OTHER(7), command:(1), seqNo:0
D/com.mogujie.tt.packet.base.Header( 4926): [Header.java:75] - 269 - decode header, length:16, version:1, flag:0, serviceId:7, commandId:1, error:0, reserved:0
D/com.mogujie.tt.imlib.IMHeartBeatManager( 4926): [IMHeartBeatManager.java:38] - 276 - heartbeat#timer cnt:24
I/com.mogujie.tt.imlib.IMHeartBeatManager( 4926): [IMHeartBeatManager.java:47] - 276 - heartbeat#reqSendHeartbeat
E/com.mogujie.tt.config.ProtocolConstant$ProtocolDumper( 4926): [ProtocolConstant.java:103] - 276 - no such cidList for service:SID_OTHER
D/com.mogujie.tt.config.ProtocolConstant$ProtocolDumper( 4926): [ProtocolConstant.java:117] - 276 - packet#sending packet, service:SID_OTHER(7), command:(1), seqNo:62
D/com.mogujie.tt.socket.MoGuSocket( 4926): [MoGuSocket.java:237] - 276 - packet#send ok
I/com.mogujie.tt.imlib.IMHeartBeatManager( 4926): [IMHeartBeatManager.java:55] - 276 - heartbeat#send packet to server
D/com.mogujie.tt.imlib.IMHeartBeatManager( 4926): [IMHeartBeatManager.java:38] - 276 - heartbeat#timer cnt:25
I/com.mogujie.tt.imlib.IMHeartBeatManager( 4926): [IMHeartBeatManager.java:47] - 276 - heartbeat#reqSendHeartbeat
E/com.mogujie.tt.config.ProtocolConstant$ProtocolDumper( 4926): [ProtocolConstant.java:103] - 276 - no such cidList for service:SID_OTHER
D/com.mogujie.tt.config.ProtocolConstant$ProtocolDumper( 4926): [ProtocolConstant.java:117] - 276 - packet#sending packet, service:SID_OTHER(7), command:(1), seqNo:63
D/com.mogujie.tt.socket.MoGuSocket( 4926): [MoGuSocket.java:237] - 276 - packet#send ok
I/com.mogujie.tt.imlib.IMHeartBeatManager( 4926): [IMHeartBeatManager.java:55] - 276 - heartbeat#send packet to server
D/com.mogujie.tt.socket.SocketHandler( 4926): [SocketHandler.java:95] - 269 - messageReceived
D/com.mogujie.tt.packet.MessageDispatchCenter( 4926): [MessageDispatchCenter.java:81] - 269 - OnRecvMessage
D/com.mogujie.tt.packet.base.Header( 4926): [Header.java:75] - 269 - decode header, length:16, version:1, flag:0, serviceId:7, commandId:1, error:0, reserved:0
E/com.mogujie.tt.config.ProtocolConstant$ProtocolDumper( 4926): [ProtocolConstant.java:103] - 269 - no such cidList for service:SID_OTHER
D/com.mogujie.tt.config.ProtocolConstant$ProtocolDumper( 4926): [ProtocolConstant.java:117] - 269 - packet#received packet, service:SID_OTHER(7), command:(1), seqNo:0
D/com.mogujie.tt.packet.base.Header( 4926): [Header.java:75] - 269 - decode header, length:16, version:1, flag:0, serviceId:7, commandId:1, error:0, reserved:0
I/ActivityManager( 2207): Start proc com.taobao.taobao:push for service com.taobao.taobao/com.taobao.agoo.PushService: pid=5401 uid=10001 gids={50001, 1006, 3003, 1015, 3002, 3001, 1028}
I/System.out( 5401): ---------------------------------------------------------
I/System.out( 5401):   Atlas OSGi 0.9.0 on GT-I9100/armeabi-v7a/4.3.1 starting ...
I/System.out( 5401): ---------------------------------------------------------
I/System.out( 5401): Restoring profile
D/dalvikvm( 5401): Trying to load lib /data/app-lib/com.taobao.taobao-2/libSSECeg-1.3.1.so 0x41b2c860
D/dalvikvm( 5401): Added shared lib /data/app-lib/com.taobao.taobao-2/libSSECeg-1.3.1.so 0x41b2c860
I/System.out( 5401): ---------------------------------------------------------
I/System.out( 5401):   Framework restarted in 95 milliseconds.
I/System.out( 5401): ---------------------------------------------------------
D/dalvikvm( 5401): Trying to load lib /data/data/com.taobao.taobao/files/libndkutils.so 0x41b2c860
D/dalvikvm( 5401): Added shared lib /data/data/com.taobao.taobao/files/libndkutils.so 0x41b2c860
D/dalvikvm( 5401): No JNI_OnLoad found in /data/data/com.taobao.taobao/files/libndkutils.so 0x41b2c860, skipping init
I/ActivityManager( 2207): Start proc com.taobao.taobao for broadcast com.taobao.taobao/android.taobao.apirequest.DnsReceiver: pid=5437 uid=10001 gids={50001, 1006, 3003, 1015, 3002, 3001, 1028}
I/System.out( 5437): ---------------------------------------------------------
I/System.out( 5437):   Atlas OSGi 0.9.0 on GT-I9100/armeabi-v7a/4.3.1 starting ...
I/System.out( 5437): ---------------------------------------------------------
I/System.out( 5437): Restoring profile
I/System.out( 5437): RESTORED BUNDLE com.taobao.login4android
I/System.out( 5437): RESTORED BUNDLE com.taobao.passivelocation
I/System.out( 5437): RESTORED BUNDLE com.taobao.mytaobao
I/System.out( 5437): RESTORED BUNDLE com.taobao.wangxin
I/System.out( 5437): RESTORED BUNDLE com.taobao.shop
I/System.out( 5437): RESTORED BUNDLE com.taobao.coupon
I/System.out( 5437): RESTORED BUNDLE com.taobao.caipiao.plugin
I/System.out( 5437): RESTORED BUNDLE com.taobao.taobao.pluginservice
I/System.out( 5437): RESTORED BUNDLE com.taobao.android.big
I/System.out( 5437): RESTORED BUNDLE com.taobao.android.trade
D/dalvikvm( 5401): Trying to load lib /data/data/com.taobao.taobao/files/libcockroach.so 0x41b2c860
D/dalvikvm( 5401): Added shared lib /data/data/com.taobao.taobao/files/libcockroach.so 0x41b2c860
D/dalvikvm( 5401): No JNI_OnLoad found in /data/data/com.taobao.taobao/files/libcockroach.so 0x41b2c860, skipping init
D/dalvikvm( 5401): Trying to load lib /data/data/com.taobao.taobao/files/libSEProtect-1.3.3.so 0x41b2c860
D/dalvikvm( 5401): Added shared lib /data/data/com.taobao.taobao/files/libSEProtect-1.3.3.so 0x41b2c860
I/System.out( 5437): RESTORED BUNDLE com.taobao.plugin.arcticcircleplugin
I/System.out( 5437): RESTORED BUNDLE com.taobao.taobao.alipay
I/System.out( 5437): RESTORED BUNDLE com.taobao.tongxue
I/System.out( 5437): RESTORED BUNDLE com.ut.share
I/System.out( 5437): RESTORED BUNDLE com.taobao.labs
I/System.out( 5437): RESTORED BUNDLE com.taobao.weapp
I/System.out( 5437): RESTORED BUNDLE com.taobao.android.ju
I/System.out( 5437): RESTORED BUNDLE com.taobao.legacy
I/System.out( 5437): RESTORED BUNDLE com.taobao.rushpromotion
I/System.out( 5437): RESTORED BUNDLE com.taobao.allspark
I/System.out( 5437): RESTORED BUNDLE com.taobao.android.gamecenter
I/System.out( 5437): RESTORED BUNDLE com.taobao.android.scancode
I/System.out( 5437): RESTORED BUNDLE com.taobao.taobao.zxing
I/System.out( 5437): RESTORED BUNDLE com.taobao.nearby
I/System.out( 5437): RESTORED BUNDLE com.taobao.search
I/System.out( 5437): RESTORED BUNDLE com.tmall.wireless.plugin
I/System.out( 5437): RESTORED BUNDLE com.taobao.taobao.cashdesk
I/System.out( 5437): RESTORED BUNDLE com.taobao.taobao.map
I/System.out( 5437): RESTORED BUNDLE com.taobao.mobile.dipei
D/dalvikvm( 5437): Trying to load lib /data/app-lib/com.taobao.taobao-2/libSSECeg-1.3.1.so 0x41b2ef78
D/dalvikvm( 5437): Added shared lib /data/app-lib/com.taobao.taobao-2/libSSECeg-1.3.1.so 0x41b2ef78
E/HOTPATCH( 5401): load hotpatch:isDalvik:true,isSDKSupport:true
D/dalvikvm( 5401): Trying to load lib /data/app-lib/com.taobao.taobao-2/libdexposed.so 0x41b2c860
D/dalvikvm( 5401): Added shared lib /data/app-lib/com.taobao.taobao-2/libdexposed.so 0x41b2c860
I/Xposed  ( 5401): Found Xposed class 'com/taobao/android/dexposed/XposedBridge', now initializing
I/System.out( 5437): STARTING com.taobao.passivelocation
I/System.out( 5437): STARTING com.taobao.allspark
I/System  ( 5437): Failed to destroy process 5479
I/System  ( 5437): libcore.io.ErrnoException: kill failed: ESRCH (No such process)
I/System  ( 5437): 	at libcore.io.Posix.kill(Native Method)
I/System  ( 5437): 	at libcore.io.ForwardingOs.kill(ForwardingOs.java:85)
I/System  ( 5437): 	at java.lang.ProcessManager$ProcessImpl.destroy(ProcessManager.java:260)
I/System  ( 5437): 	at com.taobao.updatecenter.a.a.b(UpdateCenterUtils.java:292)
I/System  ( 5437): 	at com.taobao.updatecenter.a.a.isInBlackList(UpdateCenterUtils.java:243)
I/System  ( 5437): 	at com.taobao.updatecenter.hotpatch.b.a(HotPatchManager.java:185)
I/System  ( 5437): 	at com.taobao.updatecenter.hotpatch.b.a(HotPatchManager.java:28)
I/System  ( 5437): 	at com.taobao.updatecenter.hotpatch.c.run(HotPatchManager.java:71)
I/System  ( 5437): 	at com.taobao.android.task.Coordinator.runWithTiming(Coordinator.java:86)
I/System  ( 5437): 	at com.taobao.android.task.Coordinator.access$100(Coordinator.java:29)
I/System  ( 5437): 	at com.taobao.android.task.Coordinator$a.a(Coordinator.java:162)
