I/com.mogujie.tt.imlib.IMContactManager( 4926): [IMContactManager.java:216] - 269 - user -> entity:id:23343, name:章力, nickName:章力, avatarUrl:, title:, position:, roleStatus:0, sex:0, departmentId:1012, jobNum:0, telephone:, email:, pinyin:ZhangLi
I/com.mogujie.tt.imlib.IMContactManager( 4926): [IMContactManager.java:216] - 269 - user -> entity:id:1865, name:红燕, nickName:红燕, avatarUrl:, title:, position:, roleStatus:0, sex:0, departmentId:1012, jobNum:0, telephone:, email:, pinyin:HongYan
I/com.mogujie.tt.imlib.IMContactManager( 4926): [IMContactManager.java:216] - 269 - user -> entity:id:2063, name:九三, nickName:九三, avatarUrl:, title:, position:, roleStatus:0, sex:0, departmentId:1012, jobNum:0, telephone:, email:, pinyin:JiuSan
I/com.mogujie.tt.imlib.IMContactManager( 4926): [IMContactManager.java:216] - 269 - user -> entity:id:2088, name:喜妹, nickName:喜妹, avatarUrl:, title:, position:, roleStatus:0, sex:0, departmentId:1012, jobNum:0, telephone:, email:, pinyin:XiMei
I/com.mogujie.tt.imlib.IMContactManager( 4926): [IMContactManager.java:216] - 269 - user -> entity:id:2234, name:儒武, nickName:儒武, avatarUrl:, title:, position:, roleStatus:0, sex:0, departmentId:1012, jobNum:0, telephone:, email:, pinyin:RuWu
I/com.mogujie.tt.imlib.IMContactManager( 4926): [IMContactManager.java:216] - 269 - user -> entity:id:2186, name:若汐, nickName:若汐, avatarUrl:, title:, position:, roleStatus:0, sex:0, departmentId:1012, jobNum:0, telephone:, email:, pinyin:RuoXi
I/com.mogujie.tt.imlib.IMContactManager( 4926): [IMContactManager.java:216] - 269 - user -> entity:id:2046, name:青叶, nickName:青叶, avatarUrl:, title:, position:, roleStatus:0, sex:0, departmentId:1012, jobNum:0, telephone:, email:, pinyin:QingYe
I/com.mogujie.tt.imlib.IMContactManager( 4926): [IMContactManager.java:216] - 269 - user -> entity:id:2105, name:沉宇, nickName:沉宇, avatarUrl:, title:, position:, roleStatus:0, sex:0, departmentId:1012, jobNum:0, telephone:, email:, pinyin:ChenYu
I/com.mogujie.tt.imlib.IMContactManager( 4926): [IMContactManager.java:216] - 269 - user -> entity:id:2178, name:虾条, nickName:虾条, avatarUrl:http://s8.mogucdn.com/b7/pic/140811/169bur_ieydayrzmi4tsyrzmiytambqhayde_686x686.jpg, title:, position:, roleStatus:0, sex:0, departmentId:1012, jobNum:0, telephone:, email:, pinyin:XiaTiao
I/com.mogujie.tt.imlib.IMContactManager( 4926): [IMContactManager.java:216] - 269 - user -> entity:id:1815, name:容止, nickName:容止, avatarUrl:, title:, position:, roleStatus:0, sex:0, departmentId:1012, jobNum:0, telephone:, email:, pinyin:RongZhi
I/com.mogujie.tt.imlib.IMContactManager( 4926): [IMContactManager.java:216] - 269 - user -> entity:id:2070, name:丹娜, nickName:丹娜, avatarUrl:, title:, position:, roleStatus:0, sex:0, departmentId:1012, jobNum:0, telephone:, email:, pinyin:DanNa
I/com.mogujie.tt.imlib.IMContactManager( 4926): [IMContactManager.java:216] - 269 - user -> entity:id:1804, name:沉香, nickName:沉香, avatarUrl:, title:, position:, roleStatus:0, sex:0, departmentId:1012, jobNum:0, telephone:, email:, pinyin:ChenXiang
I/com.mogujie.tt.imlib.IMContactManager( 4926): [IMContactManager.java:216] - 269 - user -> entity:id:2000, name:星野, nickName:星野, avatarUrl:, title:, position:, roleStatus:0, sex:0, departmentId:1012, jobNum:0, telephone:, email:, pinyin:XingYe
I/com.mogujie.tt.imlib.IMContactManager( 4926): [IMContactManager.java:216] - 269 - user -> entity:id:23351, name:满山, nickName:满山, avatarUrl:/avatar/avatar_default.jpg, title:, position: , roleStatus:0, sex:1, departmentId:1010, jobNum:0, telephone: , email: , pinyin:ManShan
I/com.mogujie.tt.imlib.IMContactManager( 4926): [IMContactManager.java:216] - 269 - user -> entity:id:1909, name:灰谷, nickName:灰谷, avatarUrl:, title:, position:, roleStatus:0, sex:0, departmentId:1012, jobNum:0, telephone:, email:, pinyin:HuiGu
I/com.mogujie.tt.imlib.IMContactManager( 4926): [IMContactManager.java:216] - 269 - user -> entity:id:1818, name:独孤, nickName:独孤, avatarUrl:, title:, position:, roleStatus:0, sex:0, departmentId:1012, jobNum:0, telephone:, email:, pinyin:DuGu
I/com.mogujie.tt.imlib.IMContactManager( 4926): [IMContactManager.java:216] - 269 - user -> entity:id:2089, name:若昕, nickName:若昕, avatarUrl:, title:, position:, roleStatus:0, sex:0, departmentId:1012, jobNum:0, telephone:, email:, pinyin:RuoXin
I/com.mogujie.tt.imlib.IMContactManager( 4926): [IMContactManager.java:216] - 269 - user -> entity:id:2215, name:悦勤, nickName:悦勤, avatarUrl:, title:, position:, roleStatus:0, sex:0, departmentId:1012, jobNum:0, telephone:, email:, pinyin:YueQin
I/com.mogujie.tt.imlib.IMContactManager( 4926): [IMContactManager.java:216] - 269 - user -> entity:id:1978, name:淡泊, nickName:淡泊, avatarUrl:, title:, position:, roleStatus:0, sex:0, departmentId:1012, jobNum:0, telephone:, email:, pinyin:DanBo
I/com.mogujie.tt.imlib.IMContactManager( 4926): [IMContactManager.java:216] - 269 - user -> entity:id:1844, name:樱木, nickName:樱木, avatarUrl:, title:, position:, roleStatus:0, sex:0, departmentId:1012, jobNum:0, telephone:, email:, pinyin:YingMu
I/com.mogujie.tt.imlib.IMContactManager( 4926): [IMContactManager.java:216] - 269 - user -> entity:id:2110, name:夏天, nickName:夏天, avatarUrl:, title:, position:, roleStatus:0, sex:0, departmentId:1012, jobNum:0, telephone:, email:, pinyin:XiaTian
I/com.mogujie.tt.imlib.IMContactManager( 4926): [IMContactManager.java:216] - 269 - user -> entity:id:1772, name:苏曼, nickName:苏曼, avatarUrl:, title:, position:, roleStatus:0, sex:0, departmentId:1012, jobNum:0, telephone:, email:, pinyin:SuMan
I/com.mogujie.tt.imlib.IMContactManager( 4926): [IMContactManager.java:216] - 269 - user -> entity:id:2258, name:小陈, nickName:小陈, avatarUrl:, title:, position:, roleStatus:0, sex:0, departmentId:1012, jobNum:0, telephone:, email:, pinyin:XiaoChen
I/com.mogujie.tt.imlib.IMContactManager( 4926): [IMContactManager.java:216] - 269 - user -> entity:id:2315, name:瑞雅, nickName:瑞雅, avatarUrl:, title:, position:, roleStatus:0, sex:0, departmentId:1012, jobNum:0, telephone:, email:, pinyin:RuiYa
I/com.mogujie.tt.imlib.IMContactManager( 4926): [IMContactManager.java:216] - 269 - user -> entity:id:1781, name:千凡, nickName:千凡, avatarUrl:g0/000/000/1408610297589039_140719535912.png, title:, position:, roleStatus:0, sex:0, departmentId:1010, jobNum:0, telephone:, email:, pinyin:QianFan
I/com.mogujie.tt.imlib.IMContactManager( 4926): [IMContactManager.java:216] - 269 - user -> entity:id:2303, name:西凉, nickName:西凉, avatarUrl:, title:, position:, roleStatus:0, sex:0, departmentId:1012, jobNum:0, telephone:, email:, pinyin:XiLiang
I/com.mogujie.tt.imlib.IMContactManager( 4926): [IMContactManager.java:216] - 269 - user -> entity:id:1766, name:白芨, nickName:白芨, avatarUrl:, title:, position:, roleStatus:0, sex:0, departmentId:1012, jobNum:0, telephone:, email:, pinyin:BaiJi
I/com.mogujie.tt.imlib.IMContactManager( 4926): [IMContactManager.java:216] - 269 - user -> entity:id:1920, name:小圆, nickName:小圆, avatarUrl:, title:, position:, roleStatus:0, sex:0, departmentId:1012, jobNum:0, telephone:, email:, pinyin:XiaoYuan
I/com.mogujie.tt.imlib.IMContactManager( 4926): [IMContactManager.java:216] - 269 - user -> entity:id:2008, name:欧洋, nickName:欧洋, avatarUrl:, title:, position:, roleStatus:0, sex:0, departmentId:1012, jobNum:0, telephone:, email:, pinyin:OuYang
I/com.mogujie.tt.imlib.IMContactManager( 4926): [IMContactManager.java:216] - 269 - user -> entity:id:1852, name:陆吾, nickName:陆吾, avatarUrl:, title:, position:, roleStatus:0, sex:0, departmentId:1012, jobNum:0, telephone:, email:, pinyin:LuWu
I/com.mogujie.tt.imlib.IMContactManager( 4926): [IMContactManager.java:216] - 269 - user -> entity:id:1972, name:纳兰, nickName:纳兰, avatarUrl:, title:, position:, roleStatus:0, sex:0, departmentId:1012, jobNum:0, telephone:, email:, pinyin:NaLan
I/com.mogujie.tt.imlib.IMContactManager( 4926): [IMContactManager.java:216] - 269 - user -> entity:id:2301, name:恩菲, nickName:恩菲, avatarUrl:, title:, position:, roleStatus:0, sex:0, departmentId:1012, jobNum:0, telephone:, email:, pinyin:EnFei
I/com.mogujie.tt.imlib.IMContactManager( 4926): [IMContactManager.java:216] - 269 - user -> entity:id:2057, name:家齐, nickName:家齐, avatarUrl:http://s6.mogucdn.com/b7/pic/140821/16p3y7_ieygmnzzmfrgkztdmiytambqgyyde_382x382.jpg, title:, position:, roleStatus:0, sex:0, departmentId:1012, jobNum:0, telephone:, email:, pinyin:JiaQi
I/com.mogujie.tt.imlib.IMContactManager( 4926): [IMContactManager.java:216] - 269 - user -> entity:id:2328, name:乔玄, nickName:乔玄, avatarUrl:http://s6.mogucdn.com/b7/pic/140826/1c54er_ieydmzruge2wgolfmiytambqhayde_719x719.jpg, title:, position:, roleStatus:0, sex:0, departmentId:1012, jobNum:0, telephone:, email:, pinyin:QiaoXuan
I/com.mogujie.tt.imlib.IMContactManager( 4926): [IMContactManager.java:216] - 269 - user -> entity:id:1921, name:洛奇, nickName:洛奇, avatarUrl:, title:, position:, roleStatus:0, sex:0, departmentId:1012, jobNum:0, telephone:, email:, pinyin:LuoQi
I/com.mogujie.tt.imlib.IMContactManager( 4926): [IMContactManager.java:216] - 269 - user -> entity:id:1783, name:奕涵, nickName:奕涵, avatarUrl:, title:, position:, roleStatus:0, sex:0, departmentId:1012, jobNum:0, telephone:, email:, pinyin:YiHan
I/com.mogujie.tt.imlib.IMContactManager( 4926): [IMContactManager.java:216] - 269 - user -> entity:id:1933, name:苇杭, nickName:苇杭, avatarUrl:, title:, position:, roleStatus:0, sex:0, departmentId:1012, jobNum:0, telephone:, email:, pinyin:WeiHang
I/com.mogujie.tt.imlib.IMContactManager( 4926): [IMContactManager.java:216] - 269 - user -> entity:id:2275, name:逍遥, nickName:逍遥, avatarUrl:, title:, position:, roleStatus:0, sex:0, departmentId:1012, jobNum:0, telephone:, email:, pinyin:XiaoYao
I/com.mogujie.tt.imlib.IMContactManager( 4926): [IMContactManager.java:216] - 269 - user -> entity:id:1856, name:莱恩, nickName:莱恩, avatarUrl:http://s8.mogucdn.com/b7/pic/140826/12vjw5_ieygmnlehe4tsolfmiytambqgyyde_960x960.jpg, title:, position:, roleStatus:0, sex:0, departmentId:1012, jobNum:0, telephone:, email:, pinyin:LaiEn
I/com.mogujie.tt.imlib.IMContactManager( 4926): [IMContactManager.java:216] - 269 - user -> entity:id:2102, name:格蕾, nickName:格蕾, avatarUrl:, title:, position:, roleStatus:0, sex:0, departmentId:1012, jobNum:0, telephone:, email:, pinyin:GeLei
I/com.mogujie.tt.imlib.IMContactManager( 4926): [IMContactManager.java:216] - 269 - user -> entity:id:1947, name:非鱼, nickName:非鱼, avatarUrl:, title:, position:, roleStatus:0, sex:0, departmentId:1012, jobNum:0, telephone:, email:, pinyin:FeiYu
I/com.mogujie.tt.imlib.IMContactManager( 4926): [IMContactManager.java:216] - 269 - user -> entity:id:2079, name:小明, nickName:小明, avatarUrl:, title:, position:, roleStatus:0, sex:0, departmentId:1012, jobNum:0, telephone:, email:, pinyin:XiaoMing
I/com.mogujie.tt.imlib.IMContactManager( 4926): [IMContactManager.java:216] - 269 - user -> entity:id:1887, name:天仕, nickName:天仕, avatarUrl:, title:, position:, roleStatus:0, sex:0, departmentId:1012, jobNum:0, telephone:, email:, pinyin:TianShi
I/com.mogujie.tt.imlib.IMContactManager( 4926): [IMContactManager.java:216] - 269 - user -> entity:id:2131, name:端木, nickName:端木, avatarUrl:, title:, position:, roleStatus:0, sex:0, departmentId:1012, jobNum:0, telephone:, email:, pinyin:DuanMu
I/com.mogujie.tt.imlib.IMContactManager( 4926): [IMContactManager.java:216] - 269 - user -> entity:id:2065, name:铃儿, nickName:铃儿, avatarUrl:, title:, position:, roleStatus:0, sex:0, departmentId:1012, jobNum:0, telephone:, email:, pinyin:LingEr
I/com.mogujie.tt.imlib.IMContactManager( 4926): [IMContactManager.java:216] - 269 - user -> entity:id:1855, name:梁萧, nickName:梁萧, avatarUrl:, title:, position:, roleStatus:0, sex:0, departmentId:1012, jobNum:0, telephone:, email:, pinyin:LiangXiao
I/com.mogujie.tt.imlib.IMContactManager( 4926): [IMContactManager.java:216] - 269 - user -> entity:id:1816, name:四叶, nickName:四叶, avatarUrl:, title:, position:, roleStatus:0, sex:0, departmentId:1012, jobNum:0, telephone:, email:, pinyin:SiYe
I/com.mogujie.tt.imlib.IMContactManager( 4926): [IMContactManager.java:216] - 269 - user -> entity:id:2311, name:牧游, nickName:牧游, avatarUrl:, title:, position:, roleStatus:0, sex:0, departmentId:1012, jobNum:0, telephone:, email:, pinyin:MuYou
I/com.mogujie.tt.imlib.IMContactManager( 4926): [IMContactManager.java:216] - 269 - user -> entity:id:1780, name:晨希, nickName:晨希, avatarUrl:, title:, position:, roleStatus:0, sex:0, departmentId:1012, jobNum:0, telephone:, email:, pinyin:ChenXi
I/com.mogujie.tt.imlib.IMContactManager( 4926): [IMContactManager.java:216] - 269 - user -> entity:id:2179, name:羽蒙, nickName:羽蒙, avatarUrl:, title:, position:, roleStatus:0, sex:0, departmentId:1012, jobNum:0, telephone:, email:, pinyin:YuMeng
I/com.mogujie.tt.imlib.IMContactManager( 4926): [IMContactManager.java:216] - 269 - user -> entity:id:2037, name:书文, nickName:书文, avatarUrl:, title:, position:, roleStatus:0, sex:0, departmentId:1012, jobNum:0, telephone:, email:, pinyin:ShuWen
I/com.mogujie.tt.imlib.IMContactManager( 4926): [IMContactManager.java:216] - 269 - user -> entity:id:1817, name:饭湘, nickName:饭湘, avatarUrl:http://s6.mogucdn.com/b7/pic/140728/13nrsm_ieydoyjwmnqwcmrvmiytambqgyyde_827x827.jpg, title:, position:, roleStatus:0, sex:0, departmentId:1012, jobNum:0, telephone:, email:, pinyin:FanXiang
I/com.mogujie.tt.imlib.IMContactManager( 4926): [IMContactManager.java:216] - 269 - user -> entity:id:2254, name:无崖, nickName:无崖, avatarUrl:, title:, position:, roleStatus:0, sex:0, departmentId:1012, jobNum:0, telephone:, email:, pinyin:WuYa
I/com.mogujie.tt.imlib.IMContactManager( 4926): [IMContactManager.java:216] - 269 - user -> entity:id:1965, name:维姬, nickName:维姬, avatarUrl:, title:, position:, roleStatus:0, sex:0, departmentId:1012, jobNum:0, telephone:, email:, pinyin:WeiJi
I/com.mogujie.tt.imlib.IMContactManager( 4926): [IMContactManager.java:216] - 269 - user -> entity:id:2003, name:若妍, nickName:若妍, avatarUrl:, title:, position:, roleStatus:0, sex:0, departmentId:1012, jobNum:0, telephone:, email:, pinyin:RuoYan
I/com.mogujie.tt.imlib.IMContactManager( 4926): [IMContactManager.java:216] - 269 - user -> entity:id:1805, name:林纾, nickName:林纾, avatarUrl:, title:, position:, roleStatus:0, sex:0, departmentId:1012, jobNum:0, telephone:, email:, pinyin:LinShu
I/com.mogujie.tt.imlib.IMContactManager( 4926): [IMContactManager.java:216] - 269 - user -> entity:id:1812, name:舒雅, nickName:舒雅, avatarUrl:, title:, position:, roleStatus:0, sex:0, departmentId:1012, jobNum:0, telephone:, email:, pinyin:ShuYa
I/com.mogujie.tt.imlib.IMContactManager( 4926): [IMContactManager.java:216] - 269 - user -> entity:id:1873, name:阿橙, nickName:阿橙, avatarUrl:, title:, position:, roleStatus:0, sex:0, departmentId:1012, jobNum:0, telephone:, email:, pinyin:ACheng
I/com.mogujie.tt.imlib.IMContactManager( 4926): [IMContactManager.java:216] - 269 - user -> entity:id:2297, name:烽烟, nickName:烽烟, avatarUrl:, title:, position:, roleStatus:0, sex:0, departmentId:1012, jobNum:0, telephone:, email:, pinyin:FengYan
I/com.mogujie.tt.imlib.IMContactManager( 4926): [IMContactManager.java:216] - 269 - user -> entity:id:1907, name:雪见, nickName:雪见, avatarUrl:, title:, position:, roleStatus:0, sex:0, departmentId:1012, jobNum:0, telephone:, email:, pinyin:XueJian
I/com.mogujie.tt.imlib.IMContactManager( 4926): [IMContactManager.java:216] - 269 - user -> entity:id:2013, name:卡特, nickName:卡特, avatarUrl:, title:, position:, roleStatus:0, sex:0, departmentId:1012, jobNum:0, telephone:, email:, pinyin:KaTe
I/com.mogujie.tt.imlib.IMContactManager( 4926): [IMContactManager.java:216] - 269 - user -> entity:id:2249, name:玛雅, nickName:玛雅, avatarUrl:, title:, position:, roleStatus:0, sex:0, departmentId:1012, jobNum:0, telephone:, email:, pinyin:MaYa
I/com.mogujie.tt.imlib.IMContactManager( 4926): [IMContactManager.java:216] - 269 - user -> entity:id:1792, name:偷天, nickName:偷天, avatarUrl:, title:, position:, roleStatus:0, sex:0, departmentId:1012, jobNum:0, telephone:, email:, pinyin:TouTian
I/com.mogujie.tt.imlib.IMContactManager( 4926): [IMContactManager.java:216] - 269 - user -> entity:id:1886, name:张良, nickName:张良, avatarUrl:, title:, position:, roleStatus:0, sex:0, departmentId:1012, jobNum:0, telephone:, email:, pinyin:ZhangLiang
I/com.mogujie.tt.imlib.IMContactManager( 4926): [IMContactManager.java:216] - 269 - user -> entity:id:2127, name:旸旸, nickName:旸旸, avatarUrl:, title:, position:, roleStatus:0, sex:0, departmentId:1012, jobNum:0, telephone:, email:, pinyin:YangYang
I/com.mogujie.tt.imlib.IMContactManager( 4926): [IMContactManager.java:216] - 269 - user -> entity:id:1751, name:流荧, nickName:流荧, avatarUrl:, title:, position:, roleStatus:0, sex:0, departmentId:1012, jobNum:0, telephone:, email:, pinyin:LiuYing
I/com.mogujie.tt.imlib.IMContactManager( 4926): [IMContactManager.java:216] - 269 - user -> entity:id:1883, name:苏武, nickName:苏武, avatarUrl:http://s8.mogucdn.com/b7/pic/140724/enwdr_ieydiyzqha3wezbtmiytambqgiyde_201x201.jpg, title:, position:, roleStatus:0, sex:0, departmentId:1012, jobNum:0, telephone:, email:, pinyin:SuWu
I/com.mogujie.tt.imlib.IMContactManager( 4926): [IMContactManager.java:216] - 269 - user -> entity:id:2316, name:克拉, nickName:克拉, avatarUrl:, title:, position:, roleStatus:0, sex:0, departmentId:1012, jobNum:0, telephone:, email:, pinyin:KeLa
I/com.mogujie.tt.imlib.IMContactManager( 4926): [IMContactManager.java:216] - 269 - user -> entity:id:2022, name:云骁, nickName:云骁, avatarUrl:, title:, position:, roleStatus:0, sex:0, departmentId:1012, jobNum:0, telephone:, email:, pinyin:YunXiao
I/com.mogujie.tt.imlib.IMContactManager( 4926): [IMContactManager.java:216] - 269 - user -> entity:id:1768, name:路飞, nickName:路飞, avatarUrl:, title:, position:, roleStatus:0, sex:0, departmentId:1012, jobNum:0, telephone:, email:, pinyin:LuFei
I/com.mogujie.tt.imlib.IMContactManager( 4926): [IMContactManager.java:216] - 269 - user -> entity:id:1813, name:小强, nickName:小强, avatarUrl:, title:, position:, roleStatus:0, sex:0, departmentId:1012, jobNum:0, telephone:, email:, pinyin:XiaoQiang
I/com.mogujie.tt.imlib.IMContactManager( 4926): [IMContactManager.java:216] - 269 - user -> entity:id:2225, name:乱道, nickName:乱道, avatarUrl:, title:, position:, roleStatus:0, sex:0, departmentId:1012, jobNum:0, telephone:, email:, pinyin:LuanDao
I/com.mogujie.tt.imlib.IMContactManager( 4926): [IMContactManager.java:216] - 269 - user -> entity:id:2021, name:花田, nickName:花田, avatarUrl:, title:, position:, roleStatus:0, sex:0, departmentId:1012, jobNum:0, telephone:, email:, pinyin:HuaTian
I/com.mogujie.tt.imlib.IMContactManager( 4926): [IMContactManager.java:216] - 269 - user -> entity:id:2255, name:问心, nickName:问心, avatarUrl:, title:, position:, roleStatus:0, sex:0, departmentId:1012, jobNum:0, telephone:, email:, pinyin:WenXin
I/com.mogujie.tt.imlib.IMContactManager( 4926): [IMContactManager.java:216] - 269 - user -> entity:id:1885, name:千寻, nickName:千寻, avatarUrl:, title:, position:, roleStatus:0, sex:0, departmentId:1012, jobNum:0, telephone:, email:, pinyin:QianXun
I/com.mogujie.tt.imlib.IMContactManager( 4926): [IMContactManager.java:216] - 269 - user -> entity:id:1879, name:天星, nickName:天星, avatarUrl:, title:, position:, roleStatus:0, sex:0, departmentId:1012, jobNum:0, telephone:, email:, pinyin:TianXing
I/com.mogujie.tt.imlib.IMContactManager( 4926): [IMContactManager.java:216] - 269 - user -> entity:id:1858, name:肥猫, nickName:肥猫, avatarUrl:, title:, position:, roleStatus:0, sex:0, departmentId:1012, jobNum:0, telephone:, email:, pinyin:FeiMao
I/com.mogujie.tt.imlib.IMContactManager( 4926): [IMContactManager.java:216] - 269 - user -> entity:id:1917, name:三木, nickName:三木, avatarUrl:, title:, position:, roleStatus:0, sex:0, departmentId:1012, jobNum:0, telephone:, email:, pinyin:SanMu
I/com.mogujie.tt.imlib.IMContactManager( 4926): [IMContactManager.java:216] - 269 - user -> entity:id:1787, name:吱吱, nickName:吱吱, avatarUrl:, title:, position:, roleStatus:0, sex:0, departmentId:1012, jobNum:0, telephone:, email:, pinyin:ZhiZhi
I/com.mogujie.tt.imlib.IMContactManager( 4926): [IMContactManager.java:216] - 269 - user -> entity:id:1770, name:艾梦, nickName:艾梦, avatarUrl:, title:, position:, roleStatus:0, sex:0, departmentId:1012, jobNum:0, telephone:, email:, pinyin:AiMeng
I/com.mogujie.tt.imlib.IMContactManager( 4926): [IMContactManager.java:216] - 269 - user -> entity:id:1845, name:叶菲, nickName:叶菲, avatarUrl:, title:, position:, roleStatus:0, sex:0, departmentId:1012, jobNum:0, telephone:, email:, pinyin:YeFei
I/com.mogujie.tt.imlib.IMContactManager( 4926): [IMContactManager.java:216] - 269 - user -> entity:id:1930, name:祺昊, nickName:祺昊, avatarUrl:, title:, position:, roleStatus:0, sex:0, departmentId:1012, jobNum:0, telephone:, email:, pinyin:QiHao
I/com.mogujie.tt.imlib.IMContactManager( 4926): [IMContactManager.java:216] - 269 - user -> entity:id:1988, name:沐辰, nickName:沐辰, avatarUrl:, title:, position:, roleStatus:0, sex:0, departmentId:1012, jobNum:0, telephone:, email:, pinyin:MuChen
I/com.mogujie.tt.imlib.IMContactManager( 4926): [IMContactManager.java:216] - 269 - user -> entity:id:1777, name:素言, nickName:素言, avatarUrl:, title:, position:, roleStatus:0, sex:0, departmentId:1012, jobNum:0, telephone:, email:, pinyin:SuYan
I/com.mogujie.tt.imlib.IMContactManager( 4926): [IMContactManager.java:216] - 269 - user -> entity:id:2300, name:妙丛, nickName:妙丛, avatarUrl:, title:, position:, roleStatus:0, sex:0, departmentId:1012, jobNum:0, telephone:, email:, pinyin:MiaoCong
I/com.mogujie.tt.imlib.IMContactManager( 4926): [IMContactManager.java:216] - 269 - user -> entity:id:1940, name:梦龙, nickName:梦龙, avatarUrl:, title:, position:, roleStatus:0, sex:0, departmentId:1012, jobNum:0, telephone:, email:, pinyin:MengLong
I/com.mogujie.tt.imlib.IMContactManager( 4926): [IMContactManager.java:216] - 269 - user -> entity:id:2308, name:公冶, nickName:公冶, avatarUrl:, title:, position:, roleStatus:0, sex:0, departmentId:1012, jobNum:0, telephone:, email:, pinyin:GongYe
I/com.mogujie.tt.imlib.IMContactManager( 4926): [IMContactManager.java:216] - 269 - user -> entity:id:1850, name:明心, nickName:明心, avatarUrl:http://s7.mogucdn.com/b7/pic/140725/16ywbt_ieygkzdcga3tmmzumiytambqgyyde_402x402.jpg, title:, position:, roleStatus:0, sex:0, departmentId:1012, jobNum:0, telephone:, email:, pinyin:MingXin
I/com.mogujie.tt.imlib.IMContactManager( 4926): [IMContactManager.java:216] - 269 - user -> entity:id:1881, name:昆卡, nickName:昆卡, avatarUrl:, title:, position:, roleStatus:0, sex:0, departmentId:1012, jobNum:0, telephone:, email:, pinyin:KunKa
I/com.mogujie.tt.imlib.IMContactManager( 4926): [IMContactManager.java:216] - 269 - user -> entity:id:1874, name:天尧, nickName:天尧, avatarUrl:, title:, position:, roleStatus:0, sex:0, departmentId:1012, jobNum:0, telephone:, email:, pinyin:TianYao
I/com.mogujie.tt.imlib.IMContactManager( 4926): [IMContactManager.java:216] - 269 - user -> entity:id:1767, name:梅姬, nickName:梅姬, avatarUrl:http://s6.mogucdn.com/b7/pic/140724/176rxt_ieydsyrxmrswezbtmiytambqgiyde_480x480.jpg, title:, position:, roleStatus:0, sex:0, departmentId:1012, jobNum:0, telephone:, email:, pinyin:MeiJi
D/com.mogujie.tt.imlib.IMContactManager( 4926): [IMContactManager.java:148] - 269 - contact#triggerContactsDataReady
I/com.mogujie.tt.imlib.IMContactManager( 4926): [IMContactManager.java:150] - 269 - contact#contacts are ready, broadcast
I/com.mogujie.tt.imlib.IMContactManager( 4926): [IMContactManager.java:153] - 269 - contact#start boradcas t contact_ready action
D/com.mogujie.tt.ui.base.TTBaseFragment( 4926): [ContactFragment.java:233] - 1 - contact#receive action:com.mogujie.tt.imlib.action.contact_ready
D/com.mogujie.tt.ui.base.TTBaseFragment( 4926): [ContactFragment.java:236] - 1 - contact#action is contact_ready
D/com.mogujie.tt.ui.base.TTBaseFragment( 4926): [ContactFragment.java:203] - 1 - contact#onContactReady
E/com.mogujie.tt.ui.base.TTBaseFragment( 4926): [ContactFragment.java:223] - 1 - contact#already inited
D/com.mogujie.tt.imlib.IMHeartBeatManager( 4926): [IMHeartBeatManager.java:38] - 276 - heartbeat#timer cnt:1
I/com.mogujie.tt.imlib.IMHeartBeatManager( 4926): [IMHeartBeatManager.java:47] - 276 - heartbeat#reqSendHeartbeat
E/com.mogujie.tt.config.ProtocolConstant$ProtocolDumper( 4926): [ProtocolConstant.java:103] - 276 - no such cidList for service:SID_OTHER
D/com.mogujie.tt.config.ProtocolConstant$ProtocolDumper( 4926): [ProtocolConstant.java:117] - 276 - packet#sending packet, service:SID_OTHER(7), command:(1), seqNo:16
D/com.mogujie.tt.socket.MoGuSocket( 4926): [MoGuSocket.java:237] - 276 - packet#send ok
I/com.mogujie.tt.imlib.IMHeartBeatManager( 4926): [IMHeartBeatManager.java:55] - 276 - heartbeat#send packet to server
D/com.mogujie.tt.socket.SocketHandler( 4926): [SocketHandler.java:95] - 269 - messageReceived
D/com.mogujie.tt.packet.MessageDispatchCenter( 4926): [MessageDispatchCenter.java:81] - 269 - OnRecvMessage
D/com.mogujie.tt.packet.base.Header( 4926): [Header.java:75] - 269 - decode header, length:16, version:1, flag:0, serviceId:7, commandId:1, error:0, reserved:0
E/com.mogujie.tt.config.ProtocolConstant$ProtocolDumper( 4926): [ProtocolConstant.java:103] - 269 - no such cidList for service:SID_OTHER
D/com.mogujie.tt.config.ProtocolConstant$ProtocolDumper( 4926): [ProtocolConstant.java:117] - 269 - packet#received packet, service:SID_OTHER(7), command:(1), seqNo:0
D/com.mogujie.tt.packet.base.Header( 4926): [Header.java:75] - 269 - decode header, length:16, version:1, flag:0, serviceId:7, commandId:1, error:0, reserved:0
D/lights  ( 2207): set_light_buttons: 1
I/ActivityManager( 2207): START u0 {cmp=com.mogujie.tt/.ui.activity.MessageActivity (has extras)} from pid 4926
D/Yamaha-MC1N2-Audio( 1847): yamaha_mc1n2_audio_output_start()
D/Yamaha-MC1N2-Audio( 1847): yamaha_mc1n2_audio_route_start()
D/Yamaha-MC1N2-Audio( 1847): (yamaha_mc1n2_audio_params_route_find): device = 2, direction = 0
D/com.mogujie.tt.imlib.IMHeartBeatManager( 4926): [IMHeartBeatManager.java:38] - 276 - heartbeat#timer cnt:2
I/com.mogujie.tt.imlib.IMHeartBeatManager( 4926): [IMHeartBeatManager.java:47] - 276 - heartbeat#reqSendHeartbeat
E/com.mogujie.tt.config.ProtocolConstant$ProtocolDumper( 4926): [ProtocolConstant.java:103] - 276 - no such cidList for service:SID_OTHER
D/com.mogujie.tt.config.ProtocolConstant$ProtocolDumper( 4926): [ProtocolConstant.java:117] - 276 - packet#sending packet, service:SID_OTHER(7), command:(1), seqNo:18
D/com.mogujie.tt.socket.MoGuSocket( 4926): [MoGuSocket.java:237] - 276 - packet#send ok
I/com.mogujie.tt.imlib.IMHeartBeatManager( 4926): [IMHeartBeatManager.java:55] - 276 - heartbeat#send packet to server
I/dalvikvm( 4926): Could not find method android.provider.DocumentsContract.isDocumentUri, referenced from method com.mogujie.tt.utils.CommonUtil.getImagePathAboveKITKAT
W/dalvikvm( 4926): VFY: unable to resolve static method 646: Landroid/provider/DocumentsContract;.isDocumentUri (Landroid/content/Context;Landroid/net/Uri;)Z
D/dalvikvm( 4926): VFY: replacing opcode 0x71 at 0x0008
D/com.mogujie.tt.ui.utils.IMServiceHelper( 4926): [IMServiceHelper.java:76] - 1 - imservicehelper#registerActions
D/com.mogujie.tt.ui.utils.IMServiceHelper( 4926): [IMServiceHelper.java:94] - 1 - imservicehelper#bindService
I/com.mogujie.tt.ui.utils.IMServiceHelper( 4926): [IMServiceHelper.java:103] - 1 - imservicehelper#bindService(imService) ok
D/com.mogujie.tt.ui.activity.MessageActivity( 4926): [MessageActivity.java:647] - 1 - fillMessageViewByContact
D/com.mogujie.tt.utils.MsgIdToPositionMap( 4926): [MsgIdToPositionMap.java:70] - 1 - clear, now count = 0
D/com.mogujie.tt.entity.MessageInfo( 4926): [MessageInfo.java:150] - 1 -  setMsgLoadState  = 2
D/com.mogujie.tt.entity.MessageInfo( 4926): [MessageInfo.java:150] - 1 -  setMsgLoadState  = 2
D/com.mogujie.tt.entity.MessageInfo( 4926): [MessageInfo.java:150] - 1 -  setMsgLoadState  = 3
D/com.mogujie.tt.entity.MessageInfo( 4926): [MessageInfo.java:150] - 1 -  setMsgLoadState  = 3
D/com.mogujie.tt.entity.MessageInfo( 4926): [MessageInfo.java:150] - 1 -  setMsgLoadState  = 3
D/com.mogujie.tt.utils.MsgIdToPositionMap( 4926): [MsgIdToPositionMap.java:26] - 1 - put key = 248 , value = 0
D/com.mogujie.tt.utils.MsgIdToPositionMap( 4926): [MsgIdToPositionMap.java:26] - 1 - put key = 250 , value = 1
D/com.mogujie.tt.utils.MsgIdToPositionMap( 4926): [MsgIdToPositionMap.java:26] - 1 - put key = 252 , value = 2
D/com.mogujie.tt.utils.MsgIdToPositionMap( 4926): [MsgIdToPositionMap.java:26] - 1 - put key = 253 , value = 3
D/com.mogujie.tt.utils.MsgIdToPositionMap( 4926): [MsgIdToPositionMap.java:26] - 1 - put key = 254 , value = 4
I/com.mogujie.tt.ui.utils.IMServiceHelper( 4926): [IMServiceHelper.java:58] - 1 - imservicehelper#onService(imService)Connected
D/com.mogujie.tt.ui.utils.IMServiceHelper( 4926): [IMServiceHelper.java:69] - 1 - imservicehelper#get imService ok
D/com.mogujie.tt.adapter.MessageAdapter( 4926): [MessageAdapter.java:666] - 1 - chat#handleImageMessage
D/com.mogujie.tt.adapter.MessageAdapter( 4926): [MessageAdapter.java:679] - 1 - chat#save path is:/storage/sdcard0/MGJ-IM/images/4342077bf31325ab50590e083c9a0d64xnMGJ.jpg
D/com.mogujie.tt.adapter.MessageAdapter( 4926): [MessageAdapter.java:683] - 1 - chat#url:http://122.225.68.125:8001/g0/000/000/1410708127293231_140184328214.jpg
D/com.mogujie.tt.ui.tools.MessageBitmapCache( 4926): [MessageBitmapCache.java:110] - 1 - not match in cache
D/com.mogujie.tt.adapter.MessageAdapter( 4926): [MessageAdapter.java:700] - 1 - chat#msgloadState:3
D/com.mogujie.tt.adapter.MessageAdapter( 4926): [MessageAdapter.java:666] - 1 - chat#handleImageMessage
D/com.mogujie.tt.adapter.MessageAdapter( 4926): [MessageAdapter.java:679] - 1 - chat#save path is:/storage/sdcard0/MGJ-IM/images/5d207655bcc6095e4eb59f8a7427b0e9xnMGJ.jpg
D/com.mogujie.tt.adapter.MessageAdapter( 4926): [MessageAdapter.java:683] - 1 - chat#url:http://122.225.68.125:8001/g0/000/000/1410708656733304_140184328214.jpg
D/com.mogujie.tt.ui.tools.MessageBitmapCache( 4926): [MessageBitmapCache.java:110] - 1 - not match in cache
D/com.mogujie.tt.adapter.MessageAdapter( 4926): [MessageAdapter.java:700] - 1 - chat#msgloadState:3
I/dalvikvm( 4926): Jit: resizing JitTable from 4096 to 8192
E/com.mogujie.tt.task.biz.CheckUserBlockTask( 4926): [CheckUserBlockTask.java:89] - 283 - Value 页面打开失败，请关闭重试 of type java.lang.String cannot be converted to JSONObject
W/Settings( 4926): Setting airplane_mode_on has moved from android.provider.Settings.System to android.provider.Settings.Global, returning read-only value.
I/ActivityManager( 2207): Displayed com.mogujie.tt/.ui.activity.MessageActivity: +971ms
D/Yamaha-MC1N2-Audio( 1847): yamaha_mc1n2_audio_output_stop()
D/Yamaha-MC1N2-Audio( 1847): yamaha_mc1n2_audio_route_start()
D/com.mogujie.tt.socket.SocketHandler( 4926): [SocketHandler.java:95] - 269 - messageReceived
D/com.mogujie.tt.packet.MessageDispatchCenter( 4926): [MessageDispatchCenter.java:81] - 269 - OnRecvMessage
D/com.mogujie.tt.packet.base.Header( 4926): [Header.java:75] - 269 - decode header, length:16, version:1, flag:0, serviceId:7, commandId:1, error:0, reserved:0
E/com.mogujie.tt.config.ProtocolConstant$ProtocolDumper( 4926): [ProtocolConstant.java:103] - 269 - no such cidList for service:SID_OTHER
D/com.mogujie.tt.config.ProtocolConstant$ProtocolDumper( 4926): [ProtocolConstant.java:117] - 269 - packet#received packet, service:SID_OTHER(7), command:(1), seqNo:0
D/com.mogujie.tt.packet.base.Header( 4926): [Header.java:75] - 269 - decode header, length:16, version:1, flag:0, serviceId:7, commandId:1, error:0, reserved:0
D/lights  ( 2207): set_light_buttons: 2
D/com.mogujie.tt.imlib.IMHeartBeatManager( 4926): [IMHeartBeatManager.java:38] - 276 - heartbeat#timer cnt:3
I/com.mogujie.tt.imlib.IMHeartBeatManager( 4926): [IMHeartBeatManager.java:47] - 276 - heartbeat#reqSendHeartbeat
E/com.mogujie.tt.config.ProtocolConstant$ProtocolDumper( 4926): [ProtocolConstant.java:103] - 276 - no such cidList for service:SID_OTHER
D/com.mogujie.tt.config.ProtocolConstant$ProtocolDumper( 4926): [ProtocolConstant.java:117] - 276 - packet#sending packet, service:SID_OTHER(7), command:(1), seqNo:20
D/com.mogujie.tt.socket.MoGuSocket( 4926): [MoGuSocket.java:237] - 276 - packet#send ok
I/com.mogujie.tt.imlib.IMHeartBeatManager( 4926): [IMHeartBeatManager.java:55] - 276 - heartbeat#send packet to server
I/ActivityManager( 2207): Start proc com.google.process.gapps for service com.google.android.gsf/.gtalkservice.service.GTalkService: pid=5051 uid=10060 gids={50060, 3003, 1007, 1028, 1015, 1006, 3002, 3001, 2001, 3006}
I/GservicesProvider( 5051): Gservices pushing to system: true; secure/global: true
I/MultiDex( 5051): install
I/MultiDex( 5051): MultiDexExtractor.load(/data/app/com.google.android.gms-1.apk, false)
I/MultiDex( 5051): loading existing secondary dex files
I/MultiDex( 5051): load found 1 secondary dex files
I/MultiDex( 5051): install done
I/ProviderInstaller( 5051): Insert disabled by gate 'gms:security:enable_conscrypt_in_gms_application'
D/GCM     ( 5051): COMPAT: Multi user not supported
I/dalvikvm( 5051): Could not find method android.app.AlarmManager.setExact, referenced from method fvo.handleMessage
W/dalvikvm( 5051): VFY: unable to resolve virtual method 587: Landroid/app/AlarmManager;.setExact (IJLandroid/app/PendingIntent;)V
D/dalvikvm( 5051): VFY: replacing opcode 0x6e at 0x0105
I/GoogleHttpClient( 5051): Falling back to old SSLCertificateSocketFactory
I/GCM     ( 5051): GCM config loaded
D/GCM     ( 5051): GcmService start null null
D/GCM     ( 5051): GcmService start Intent { act=com.google.android.talk.MCS_CONNECTION_SERVICE_STARTED flg=0x10 cmp=com.google.android.gms/.gcm.GcmService } com.google.android.talk.MCS_CONNECTION_SERVICE_STARTED
D/GCM     ( 5051): GcmService start Intent { act=com.google.android.gms.INITIALIZE flg=0x10 pkg=com.google.android.gms cmp=com.google.android.gms/.gcm.GcmService } com.google.android.gms.INITIALIZE
I/ActivityManager( 2207): Start proc com.google.android.gms for broadcast com.google.android.gms/.init.InitializeGmsReceiver: pid=5081 uid=10060 gids={50060, 3003, 1007, 1028, 1015, 1006, 3002, 3001, 2001, 3006}
I/MultiDex( 5081): install
I/MultiDex( 5081): MultiDexExtractor.load(/data/app/com.google.android.gms-1.apk, false)
I/MultiDex( 5081): loading existing secondary dex files
I/MultiDex( 5081): load found 1 secondary dex files
I/MultiDex( 5081): install done
I/ProviderInstaller( 5081): Insert disabled by gate 'gms:security:enable_conscrypt_in_gms_application'
I/dalvikvm( 5081): Could not find method android.app.AppOpsManager.checkPackage, referenced from method cbg.a
W/dalvikvm( 5081): VFY: unable to resolve virtual method 1278: Landroid/app/AppOpsManager;.checkPackage (ILjava/lang/String;)V
D/dalvikvm( 5081): VFY: replacing opcode 0x6e at 0x0010
D/GCM     ( 5051): GcmService start Intent { act=com.google.android.gms.INITIALIZE flg=0x10 pkg=com.google.android.gms cmp=com.google.android.gms/.gcm.GcmService } com.google.android.gms.INITIALIZE
D/ConnectivityService( 2207): handleInetConditionHoldEnd: net=1, condition=0, published condition=100
D/StatusBar.NetworkController( 2292): updateConnectivity: intent=Intent { act=android.net.conn.INET_CONDITION_ACTION flg=0x8000010 (has extras) }
D/StatusBar.NetworkController( 2292): updateConnectivity: networkInfo=NetworkInfo: type: WIFI[], state: CONNECTED/CONNECTED, reason: (unspecified), extra: "mogujie", roaming: false, failover: false, isAvailable: true, isConnectedToProvisioningNetwork: false
D/StatusBar.NetworkController( 2292): updateConnectivity: connectionStatus=0
D/StatusBar.NetworkController( 2292): updateConnectivity: intent=Intent { act=android.net.conn.INET_CONDITION_ACTION flg=0x8000010 (has extras) }
D/StatusBar.NetworkController( 2292): updateConnectivity: networkInfo=NetworkInfo: type: WIFI[], state: CONNECTED/CONNECTED, reason: (unspecified), extra: "mogujie", roaming: false, failover: false, isAvailable: true, isConnectedToProvisioningNetwork: false
D/StatusBar.NetworkController( 2292): updateConnectivity: connectionStatus=0
D/com.mogujie.tt.imlib.IMHeartBeatManager( 4926): [IMHeartBeatManager.java:38] - 276 - heartbeat#timer cnt:4
I/com.mogujie.tt.imlib.IMHeartBeatManager( 4926): [IMHeartBeatManager.java:47] - 276 - heartbeat#reqSendHeartbeat
E/com.mogujie.tt.config.ProtocolConstant$ProtocolDumper( 4926): [ProtocolConstant.java:103] - 276 - no such cidList for service:SID_OTHER
D/com.mogujie.tt.socket.SocketHandler( 4926): [SocketHandler.java:95] - 269 - messageReceived
D/com.mogujie.tt.config.ProtocolConstant$ProtocolDumper( 4926): [ProtocolConstant.java:117] - 276 - packet#sending packet, service:SID_OTHER(7), command:(1), seqNo:21
D/com.mogujie.tt.packet.MessageDispatchCenter( 4926): [MessageDispatchCenter.java:81] - 269 - OnRecvMessage
D/com.mogujie.tt.socket.MoGuSocket( 4926): [MoGuSocket.java:237] - 276 - packet#send ok
D/com.mogujie.tt.packet.base.Header( 4926): [Header.java:75] - 269 - decode header, length:16, version:1, flag:0, serviceId:7, commandId:1, error:0, reserved:0
I/com.mogujie.tt.imlib.IMHeartBeatManager( 4926): [IMHeartBeatManager.java:55] - 276 - heartbeat#send packet to server
E/com.mogujie.tt.config.ProtocolConstant$ProtocolDumper( 4926): [ProtocolConstant.java:103] - 269 - no such cidList for service:SID_OTHER
D/com.mogujie.tt.config.ProtocolConstant$ProtocolDumper( 4926): [ProtocolConstant.java:117] - 269 - packet#received packet, service:SID_OTHER(7), command:(1), seqNo:0
D/com.mogujie.tt.packet.base.Header( 4926): [Header.java:75] - 269 - decode header, length:16, version:1, flag:0, serviceId:7, commandId:1, error:0, reserved:0
D/lights  ( 2207): set_light_buttons: 1
D/com.mogujie.tt.adapter.MessageAdapter( 4926): [MessageAdapter.java:666] - 1 - chat#handleImageMessage
D/com.mogujie.tt.adapter.MessageAdapter( 4926): [MessageAdapter.java:679] - 1 - chat#save path is:/storage/sdcard0/MGJ-IM/images/f636ecfa97a4aa2dddd13e7d05dd3501xnMGJ.jpg
D/com.mogujie.tt.adapter.MessageAdapter( 4926): [MessageAdapter.java:683] - 1 - chat#url:http://122.225.68.125:8001/g0/000/000/1410709398560417_140184328214.jpg
D/com.mogujie.tt.ui.tools.MessageBitmapCache( 4926): [MessageBitmapCache.java:110] - 1 - not match in cache
D/com.mogujie.tt.adapter.MessageAdapter( 4926): [MessageAdapter.java:700] - 1 - chat#msgloadState:2
D/com.mogujie.tt.socket.SocketHandler( 4926): [SocketHandler.java:95] - 269 - messageReceived
D/com.mogujie.tt.packet.MessageDispatchCenter( 4926): [MessageDispatchCenter.java:81] - 269 - OnRecvMessage
D/com.mogujie.tt.packet.base.Header( 4926): [Header.java:75] - 269 - decode header, length:140, version:3, flag:0, serviceId:3, commandId:1, error:48, reserved:0
D/com.mogujie.tt.config.ProtocolConstant$ProtocolDumper( 4926): [ProtocolConstant.java:117] - 269 - packet#received packet, service:SID_MSG(3), command:CID_MSG_DATA(1), seqNo:0
D/com.mogujie.tt.imlib.IMPacketDispatcher( 4926): [IMPacketDispatcher.java:12] - 269 - dispatch packet, serviceId:3, commandId:1
I/com.mogujie.tt.imlib.IMMessageManager( 4926): [IMMessageManager.java:157] - 269 - chat#onRecvMessage
D/com.mogujie.tt.imlib.proto.MessageNotifyPacket( 4926): [MessageNotifyPacket.java:62] - 269 - chat#1
D/com.mogujie.tt.imlib.proto.MessageNotifyPacket( 4926): [MessageNotifyPacket.java:70] - 269 - chat#3
D/com.mogujie.tt.packet.base.Header( 4926): [Header.java:75] - 269 - decode header, length:140, version:3, flag:0, serviceId:3, commandId:1, error:48, reserved:0
D/com.mogujie.tt.imlib.proto.MessageNotifyPacket( 4926): [MessageNotifyPacket.java:75] - 269 - chat#recv message header:decode header, length:140, version:3, flag:0, serviceId:3, commandId:1, error:48, reserved:0, actually len:140
D/com.mogujie.tt.imlib.proto.MessageNotifyPacket( 4926): [MessageNotifyPacket.java:93] - 269 - chat#decode msg:seqNo:1,  fromId:1781, toId:23351, createTime:1410743144, msgType:1, msgLen:90, msgData:&$#@~^@[{:http://122.225.68.125:8001/g0/000/000/1410743144264839_140184328214.jpg:}]&$~@#@, attach:
D/com.mogujie.tt.imlib.IMMessageManager( 4926): [IMMessageManager.java:162] - 269 - decode recv message ok
D/com.mogujie.tt.imlib.IMMessageManager( 4926): [IMMessageManager.java:170] - 269 - chat#msg:seqNo:1,  fromId:1781, toId:23351, createTime:1410743144, msgType:1, msgLen:90, msgData:&$#@~^@[{:http://122.225.68.125:8001/g0/000/000/1410743144264839_140184328214.jpg:}]&$~@#@, attach:
D/com.mogujie.tt.imlib.IMMessageManager( 4926): [IMMessageManager.java:194] - 269 - chat#sendMessageAck -> fromId:1781, seqNo:1
D/com.mogujie.tt.packet.base.DefaultHeader( 4926): [DefaultHeader.java:20] - 269 - packet#construct Default Header -> serviceId:3, commandId:2, seqNo:23
D/com.mogujie.tt.config.ProtocolConstant$ProtocolDumper( 4926): [ProtocolConstant.java:117] - 269 - packet#sending packet, service:SID_MSG(3), command:CID_MSG_DATA_ACK(2), seqNo:23
D/com.mogujie.tt.socket.MoGuSocket( 4926): [MoGuSocket.java:237] - 269 - packet#send ok
I/com.mogujie.tt.imlib.IMMessageManager( 4926): [IMMessageManager.java:201] - 269 - chat#send packet to server
D/com.mogujie.tt.imlib.IMUnreadMsgManager( 4926): [IMUnreadMsgManager.java:13] - 269 - chat#add unread msg:seqNo:1,  fromId:1781, toId:23351, createTime:1410743144, msgType:1, msgLen:90, msgData:&$#@~^@[{:http://122.225.68.125:8001/g0/000/000/1410743144264839_140184328214.jpg:}]&$~@#@, attach:
D/com.mogujie.tt.imlib.IMMessageManager( 4926): [IMMessageManager.java:180] - 269 - chat#broadcast receiving new msg
D/com.mogujie.tt.ui.utils.IMServiceHelper( 4926): [IMServiceHelper.java:30] - 1 - imservicehelper#receive action:com.mogujie.tt.imlib.action.msg_recv
D/com.mogujie.tt.ui.activity.MessageActivity( 4926): [MessageActivity.java:153] - 1 - chat#onAction -> action:com.mogujie.tt.imlib.action.msg_recv
D/com.mogujie.tt.utils.MessageSplitResult( 4926): [MessageSplitResult.java:20] - 1 - target user id = 1781 name = 1781
D/com.mogujie.tt.utils.MessageSplitResult( 4926): [MessageSplitResult.java:107] - 1 - recv an image message: image url = http://122.225.68.125:8001/g0/000/000/1410743144264839_140184328214.jpg
D/com.mogujie.tt.entity.MessageInfo( 4926): [MessageInfo.java:150] - 1 -  setMsgLoadState  = 0
D/com.mogujie.tt.utils.MessageSplitResult( 4926): [MessageSplitResult.java:125] - 1 - push to db, success
D/com.mogujie.tt.biz.MessageHelper( 4926): [MessageHelper.java:171] - 1 - chat#start addItem
D/com.mogujie.tt.adapter.MessageAdapter( 4926): [MessageAdapter.java:248] - 1 - chat#addItem
D/com.mogujie.tt.utils.MsgIdToPositionMap( 4926): [MsgIdToPositionMap.java:26] - 1 - put key = 261 , value = 9
D/com.mogujie.tt.adapter.MessageAdapter( 4926): [MessageAdapter.java:275] - 1 - chat#finish add item
D/com.mogujie.tt.adapter.MessageAdapter( 4926): [MessageAdapter.java:666] - 1 - chat#handleImageMessage
D/com.mogujie.tt.adapter.MessageAdapter( 4926): [MessageAdapter.java:679] - 1 - chat#save path is:null
D/com.mogujie.tt.adapter.MessageAdapter( 4926): [MessageAdapter.java:683] - 1 - chat#url:http://122.225.68.125:8001/g0/000/000/1410743144264839_140184328214.jpg
D/com.mogujie.tt.adapter.MessageAdapter( 4926): [MessageAdapter.java:700] - 1 - chat#msgloadState:0
D/com.mogujie.tt.adapter.MessageAdapter( 4926): [MessageAdapter.java:709] - 1 - chat#not mine,  need donwload
D/com.mogujie.tt.entity.MessageInfo( 4926): [MessageInfo.java:150] - 1 -  setMsgLoadState  = 1
D/com.mogujie.tt.entity.MessageInfo( 4926): [MessageInfo.java:150] - 1 -  setMsgLoadState  = 1
D/com.mogujie.tt.adapter.MessageAdapter( 4926): [MessageAdapter.java:666] - 1 - chat#handleImageMessage
D/com.mogujie.tt.adapter.MessageAdapter( 4926): [MessageAdapter.java:679] - 1 - chat#save path is:/storage/sdcard0/MGJ-IM/images/f636ecfa97a4aa2dddd13e7d05dd3501xnMGJ.jpg
D/com.mogujie.tt.adapter.MessageAdapter( 4926): [MessageAdapter.java:683] - 1 - chat#url:http://122.225.68.125:8001/g0/000/000/1410709398560417_140184328214.jpg
D/com.mogujie.tt.ui.tools.MessageBitmapCache( 4926): [MessageBitmapCache.java:104] - 1 - match in cache
D/com.mogujie.tt.adapter.MessageAdapter( 4926): [MessageAdapter.java:700] - 1 - chat#msgloadState:2
D/com.mogujie.tt.entity.RecentInfo( 4926): [RecentInfo.java:53] - 1 - recent#setUserId -> userId:1951
D/com.mogujie.tt.biz.ContactHelper( 4926): [ContactHelper.java:156] - 1 - recent#1
D/com.mogujie.tt.entity.RecentInfo( 4926): [RecentInfo.java:70] - 1 - recent#setuserName -> uname:舒沉
D/com.mogujie.tt.biz.ContactHelper( 4926): [ContactHelper.java:170] - 1 - recent#4
D/com.mogujie.tt.entity.RecentInfo( 4926): [RecentInfo.java:70] - 1 - recent#setuserName -> uname:1781
D/com.mogujie.tt.biz.ContactHelper( 4926): [ContactHelper.java:170] - 1 - recent#4
D/com.mogujie.tt.entity.RecentInfo( 4926): [RecentInfo.java:70] - 1 - recent#setuserName -> uname:2235
D/com.mogujie.tt.biz.ContactHelper( 4926): [ContactHelper.java:170] - 1 - recent#4
D/com.mogujie.tt.entity.RecentInfo( 4926): [RecentInfo.java:70] - 1 - recent#setuserName -> uname:1924
D/com.mogujie.tt.biz.ContactHelper( 4926): [ContactHelper.java:170] - 1 - recent#4
D/com.mogujie.tt.entity.RecentInfo( 4926): [RecentInfo.java:70] - 1 - recent#setuserName -> uname:1997
D/com.mogujie.tt.biz.ContactHelper( 4926): [ContactHelper.java:170] - 1 - recent#4
D/com.mogujie.tt.entity.RecentInfo( 4926): [RecentInfo.java:70] - 1 - recent#setuserName -> uname:2001
D/com.mogujie.tt.biz.ContactHelper( 4926): [ContactHelper.java:170] - 1 - recent#4
D/com.mogujie.tt.entity.RecentInfo( 4926): [RecentInfo.java:70] - 1 - recent#setuserName -> uname:1968
D/com.mogujie.tt.biz.ContactHelper( 4926): [ContactHelper.java:170] - 1 - recent#4
D/com.mogujie.tt.entity.RecentInfo( 4926): [RecentInfo.java:70] - 1 - recent#setuserName -> uname:1884
D/com.mogujie.tt.biz.ContactHelper( 4926): [ContactHelper.java:170] - 1 - recent#4
D/com.mogujie.tt.entity.RecentInfo( 4926): [RecentInfo.java:70] - 1 - recent#setuserName -> uname:2322
D/com.mogujie.tt.biz.ContactHelper( 4926): [ContactHelper.java:170] - 1 - recent#4
D/com.mogujie.tt.entity.RecentInfo( 4926): [RecentInfo.java:70] - 1 - recent#setuserName -> uname:2286
D/com.mogujie.tt.biz.ContactHelper( 4926): [ContactHelper.java:170] - 1 - recent#4
D/com.mogujie.tt.entity.RecentInfo( 4926): [RecentInfo.java:70] - 1 - recent#setuserName -> uname:1972
D/com.mogujie.tt.biz.ContactHelper( 4926): [ContactHelper.java:170] - 1 - recent#4
D/com.mogujie.tt.entity.RecentInfo( 4926): [RecentInfo.java:70] - 1 - recent#setuserName -> uname:2172
D/com.mogujie.tt.biz.ContactHelper( 4926): [ContactHelper.java:170] - 1 - recent#4
D/com.mogujie.tt.entity.RecentInfo( 4926): [RecentInfo.java:70] - 1 - recent#setuserName -> uname:1873
D/com.mogujie.tt.biz.ContactHelper( 4926): [ContactHelper.java:170] - 1 - recent#4
D/com.mogujie.tt.entity.RecentInfo( 4926): [RecentInfo.java:70] - 1 - recent#setuserName -> uname:2142
D/com.mogujie.tt.biz.ContactHelper( 4926): [ContactHelper.java:170] - 1 - recent#4
D/com.mogujie.tt.entity.RecentInfo( 4926): [RecentInfo.java:70] - 1 - recent#setuserName -> uname:1870
D/com.mogujie.tt.biz.ContactHelper( 4926): [ContactHelper.java:170] - 1 - recent#4
D/com.mogujie.tt.entity.RecentInfo( 4926): [RecentInfo.java:70] - 1 - recent#setuserName -> uname:1820
D/com.mogujie.tt.entity.MessageInfo( 4926): [MessageInfo.java:150] - 1 -  setMsgLoadState  = 2
D/com.mogujie.tt.adapter.MessageAdapter( 4926): [MessageAdapter.java:1238] - 1 - download success
D/com.mogujie.tt.adapter.MessageAdapter( 4926): [MessageAdapter.java:666] - 1 - chat#handleImageMessage
D/com.mogujie.tt.adapter.MessageAdapter( 4926): [MessageAdapter.java:679] - 1 - chat#save path is:/storage/sdcard0/MGJ-IM/images/09d4f60ad0727ced2d9c4183822906f3xnMGJ.jpg
D/com.mogujie.tt.adapter.MessageAdapter( 4926): [MessageAdapter.java:683] - 1 - chat#url:http://122.225.68.125:8001/g0/000/000/1410743144264839_140184328214.jpg
D/com.mogujie.tt.ui.tools.MessageBitmapCache( 4926): [MessageBitmapCache.java:110] - 1 - not match in cache
D/com.mogujie.tt.adapter.MessageAdapter( 4926): [MessageAdapter.java:700] - 1 - chat#msgloadState:2
D/com.mogujie.tt.adapter.MessageAdapter( 4926): [MessageAdapter.java:666] - 1 - chat#handleImageMessage
D/com.mogujie.tt.adapter.MessageAdapter( 4926): [MessageAdapter.java:679] - 1 - chat#save path is:/storage/sdcard0/MGJ-IM/images/f636ecfa97a4aa2dddd13e7d05dd3501xnMGJ.jpg
D/com.mogujie.tt.adapter.MessageAdapter( 4926): [MessageAdapter.java:683] - 1 - chat#url:http://122.225.68.125:8001/g0/000/000/1410709398560417_140184328214.jpg
D/com.mogujie.tt.ui.tools.MessageBitmapCache( 4926): [MessageBitmapCache.java:104] - 1 - match in cache
D/com.mogujie.tt.adapter.MessageAdapter( 4926): [MessageAdapter.java:700] - 1 - chat#msgloadState:2
D/com.mogujie.tt.imlib.IMHeartBeatManager( 4926): [IMHeartBeatManager.java:38] - 276 - heartbeat#timer cnt:5
I/com.mogujie.tt.imlib.IMHeartBeatManager( 4926): [IMHeartBeatManager.java:47] - 276 - heartbeat#reqSendHeartbeat
E/com.mogujie.tt.config.ProtocolConstant$ProtocolDumper( 4926): [ProtocolConstant.java:103] - 276 - no such cidList for service:SID_OTHER
D/com.mogujie.tt.config.ProtocolConstant$ProtocolDumper( 4926): [ProtocolConstant.java:117] - 276 - packet#sending packet, service:SID_OTHER(7), command:(1), seqNo:24
D/com.mogujie.tt.socket.MoGuSocket( 4926): [MoGuSocket.java:237] - 276 - packet#send ok
I/com.mogujie.tt.imlib.IMHeartBeatManager( 4926): [IMHeartBeatManager.java:55] - 276 - heartbeat#send packet to server
D/Yamaha-MC1N2-Audio( 1847): yamaha_mc1n2_audio_output_start()
D/Yamaha-MC1N2-Audio( 1847): yamaha_mc1n2_audio_route_start()
D/Yamaha-MC1N2-Audio( 1847): (yamaha_mc1n2_audio_params_route_find): device = 2, direction = 0
D/com.mogujie.tt.socket.SocketHandler( 4926): [SocketHandler.java:95] - 269 - messageReceived
D/com.mogujie.tt.packet.MessageDispatchCenter( 4926): [MessageDispatchCenter.java:81] - 269 - OnRecvMessage
D/com.mogujie.tt.packet.base.Header( 4926): [Header.java:75] - 269 - decode header, length:97, version:1, flag:0, serviceId:4, commandId:1, error:0, reserved:0
E/com.mogujie.tt.config.ProtocolConstant$ProtocolDumper( 4926): [ProtocolConstant.java:103] - 269 - no such cidList for service:SID_SWITCH_SERVER
