--------- beginning of /dev/log/main
D/lights  ( 2207): set_light_buttons: 1
--------- beginning of /dev/log/system
I/PowerManagerService( 2207): Waking up from sleep...
D/AKMD2   ( 2207): akm_enable_sensor: Accel is enabled. (orien = 0)
I/AKMD2   ( 2207): enable_accelerometer, mEnabled = 0, enable = 1
D/PhoneApp( 2441): mReceiver: ACTION_SCREEN_OFF / ACTION_SCREEN_ON
D/AccelerometerListener( 2441): enable(false)
D/TinyALSA-Audio Hardware( 1847): audio_hw_set_parameters(0x419752b8, screen_state=on)++
D/TinyALSA-Audio Hardware( 1847): audio_hw_set_parameters(0x419752b8, screen_state=on)-- (PARAMETER ERROR)
D/PowerManagerService-JNI( 2207): Excessive delay in autosuspend_disable() while turning screen on: 194ms
D/SurfaceFlinger( 1844): Screen acquired, type=0 flinger=0x4080d478
D/WeatherWidget.WeatherService-integrate( 2477): in register Alarm!
D/WeatherWidget.WeatherService-integrate( 2477): lastUpdateDate is: Mon Sep 15 08:48:07 GMT+08:00 2014
D/WeatherWidget.WeatherService-integrate( 2477): set alarm in: 5 hours 43 mins 6 secs
D/HotPatch_pkg( 2840): before onReceive
I/System.out( 2981): setContext com.netease.pushcenter.host.a@41b394e0 com.netease.pushcenter.host.service.PushService@41b390b8
I/WindowManager( 2207): Lock screen displayed!
W/ActivityManager( 2207): Unable to start service Intent { act=com.qihoo360.launcher.statusbar.main_service (has extras) } U=0: not found
D/WeatherWidget.IntegrateCurrentWeatherView( 2477): maxWidth:540 minWidth:450 originWidth:513
D/WeatherWidget.IntegrateCurrentWeatherView( 2477): maxHeight:273 minHeight:240 originHeight:291
D/PhoneStatusBar( 2292): disable: < expand* icons alerts ticker* system_info BACK HOME recent* CLOCK search >
D/WeatherWidget.IntegrateClockWeatherView( 2477): in onresume
D/WeatherWidget.IntegrateClockWeatherView( 2477): updateCity fetchLatest = true mFetchFromPref = true
D/WeatherWidget.IntegrateClockWeatherView( 2477): getCityFromCache mFetchFromPref = true
D/WeatherWidget.IntegrateClockWeatherView( 2477): updateCityTask run() mCurrentCity = 杭州;浙江;101210101
D/WeatherWidget.IntegrateClockWeatherView( 2477): sendMessage mHandler = Handler (atG) {41c95e00}
D/WeatherWidget.IntegrateClockWeatherView( 2477): msg:2
D/WeatherWidget.IntegrateDefaultContentView( 2477): updateCityView city = 杭州;浙江;101210101
D/WeatherWidget.IntegrateClockWeatherView( 2477): getCityFromCache mFetchFromPref = true
D/WeatherWidget.WeatherDataWrapper( 2477): get weatherCondtion from cache:{"airQualities":[{"timestamp":1410740478324,"aqi":31,"quality":"优","value":15,"level":1,"updateTime":1410732000000,"color":"#00e400"}],"weather":[{"date":"2014-09-15","info":{"DAY":[2,"阴",27,"东北风","微风"],"NIGHT":[2,"阴",23,"东北风","微风"],"DAWN":[7,"小雨",22,"东北风","微风"]}},{"date":"2014-09-16","info":{"DAY":[3,"阵雨",27,"东北风","微风"],"NIGHT":[3,"阵雨",23,"东北风","微风"],"DAWN":[2,"阴",23,"东北风","微风"]}},{"date":"2014-09-17","info":{"DAY":[3,"阵雨",28,"东北风","微风"],"NIGHT":[3,"阵雨",22,"东北风","微风"],"DAWN":[3,"阵雨",23,"东北风","微风"]}},{"date":"2014-09-18","info":{"DAY":[8,"中雨",25,"北风","微风"],"NIGHT":[3,"阵雨",20,"北风","微风"],"DAWN":[3,"阵雨",22,"东北风","微风"]}},{"date":"2014-09-19","info":{"DAY":[3,"阵雨",23,"北风","微风"],"NIGHT":[3,"阵雨",20,"东风","微风"],"DAWN":[3,"阵雨",20,"北风","微风"]}},{"date":"2014-09-20","info":{"DAY":[3,"阵雨",26,"东风","微风"],"NIGHT":[2,"阴",20,"东风","微风"],"DAWN":[3,"阵雨",20,"东风","微风"]}},{"date":"2014-09-21","info":{"DAY":[1,"多云",27,"东风","微风"],"NIGHT":[2,"阴",21,"无持续风向","微风"],"DAWN":[2,"阴",20,"东风","微风"]}}],"time":1410738448,"realtimeTemperature":"","life":[{"date":"2014-09-15","info":{"kongtiao":["较少开启","您将感到很舒适，一般不需要开启空调。"],"ziwaixian":["最弱","属弱紫外线辐射天气，无需特别防护。若长期在户外，建议涂擦SPF在8-12之间的防晒护肤品。"],"yundong":["较适宜","阴天，较适宜进行各种户内外运动。"],"ganmao":["少发","各项气象条件适宜，无明显降温过程，发生感冒机率较低。"],"xiche":["较适宜","较适宜洗车，未来一天无雨，风力较小，擦洗一新的汽车至少能保持一天。"],"wuran":["较差","气象条件较不利于空气污染物稀释、扩散和清除，请适当减少室外活动时间。"],"chuanyi":["热","天气热，建议着短裙、短裤、短薄外套、T恤等夏季服装。"]}}],"area":[["浙江","21"],["杭州","2101"],["杭州","101210101"]]}
D/PhoneStatusBar( 2292): disable: < expand icons alerts ticker system_info back* home* recent clock* search >
V/PhoneStatusBar( 2292): setLightsOn(true)
D/WeatherWidget.AirQuality( 2477): airQuality:aux@420b7100
D/WeatherWidget.WeatherDataWrapper( 2477): get weatherCondtion from cache:{"airQualities":[{"timestamp":1410740478324,"aqi":31,"quality":"优","value":15,"level":1,"updateTime":1410732000000,"color":"#00e400"}],"weather":[{"date":"2014-09-15","info":{"DAY":[2,"阴",27,"东北风","微风"],"NIGHT":[2,"阴",23,"东北风","微风"],"DAWN":[7,"小雨",22,"东北风","微风"]}},{"date":"2014-09-16","info":{"DAY":[3,"阵雨",27,"东北风","微风"],"NIGHT":[3,"阵雨",23,"东北风","微风"],"DAWN":[2,"阴",23,"东北风","微风"]}},{"date":"2014-09-17","info":{"DAY":[3,"阵雨",28,"东北风","微风"],"NIGHT":[3,"阵雨",22,"东北风","微风"],"DAWN":[3,"阵雨",23,"东北风","微风"]}},{"date":"2014-09-18","info":{"DAY":[8,"中雨",25,"北风","微风"],"NIGHT":[3,"阵雨",20,"北风","微风"],"DAWN":[3,"阵雨",22,"东北风","微风"]}},{"date":"2014-09-19","info":{"DAY":[3,"阵雨",23,"北风","微风"],"NIGHT":[3,"阵雨",20,"东风","微风"],"DAWN":[3,"阵雨",20,"北风","微风"]}},{"date":"2014-09-20","info":{"DAY":[3,"阵雨",26,"东风","微风"],"NIGHT":[2,"阴",20,"东风","微风"],"DAWN":[3,"阵雨",20,"东风","微风"]}},{"date":"2014-09-21","info":{"DAY":[1,"多云",27,"东风","微风"],"NIGHT":[2,"阴",21,"无持续风向","微风"],"DAWN":[2,"阴",20,"东风","微风"]}}],"time":1410738448,"realtimeTemperature":"","life":[{"date":"2014-09-15","info":{"kongtiao":["较少开启","您将感到很舒适，一般不需要开启空调。"],"ziwaixian":["最弱","属弱紫外线辐射天气，无需特别防护。若长期在户外，建议涂擦SPF在8-12之间的防晒护肤品。"],"yundong":["较适宜","阴天，较适宜进行各种户内外运动。"],"ganmao":["少发","各项气象条件适宜，无明显降温过程，发生感冒机率较低。"],"xiche":["较适宜","较适宜洗车，未来一天无雨，风力较小，擦洗一新的汽车至少能保持一天。"],"wuran":["较差","气象条件较不利于空气污染物稀释、扩散和清除，请适当减少室外活动时间。"],"chuanyi":["热","天气热，建议着短裙、短裤、短薄外套、T恤等夏季服装。"]}}],"area":[["浙江","21"],["杭州","2101"],["杭州","101210101"]]}
D/WeatherWidget.AirQuality( 2477): airQuality:aux@41e243d8
D/WeatherWidget.IntegrateClockWeatherView( 2477): refreshThemeFromCacheTask.run() mCurrentForecast = auI@41b93458
D/WeatherWidget.IntegrateClockWeatherView( 2477): sendMessage mHandler = Handler (atG) {41c95e00}
D/WeatherWidget.IntegrateClockWeatherView( 2477): msg:3
D/WeatherWidget.IntegrateClockWeatherView( 2477): getCityFromCache mFetchFromPref = true
D/WeatherWidget.WeatherDataWrapper( 2477): get weatherCondtion from cache:{"airQualities":[{"timestamp":1410740478324,"aqi":31,"quality":"优","value":15,"level":1,"updateTime":1410732000000,"color":"#00e400"}],"weather":[{"date":"2014-09-15","info":{"DAY":[2,"阴",27,"东北风","微风"],"NIGHT":[2,"阴",23,"东北风","微风"],"DAWN":[7,"小雨",22,"东北风","微风"]}},{"date":"2014-09-16","info":{"DAY":[3,"阵雨",27,"东北风","微风"],"NIGHT":[3,"阵雨",23,"东北风","微风"],"DAWN":[2,"阴",23,"东北风","微风"]}},{"date":"2014-09-17","info":{"DAY":[3,"阵雨",28,"东北风","微风"],"NIGHT":[3,"阵雨",22,"东北风","微风"],"DAWN":[3,"阵雨",23,"东北风","微风"]}},{"date":"2014-09-18","info":{"DAY":[8,"中雨",25,"北风","微风"],"NIGHT":[3,"阵雨",20,"北风","微风"],"DAWN":[3,"阵雨",22,"东北风","微风"]}},{"date":"2014-09-19","info":{"DAY":[3,"阵雨",23,"北风","微风"],"NIGHT":[3,"阵雨",20,"东风","微风"],"DAWN":[3,"阵雨",20,"北风","微风"]}},{"date":"2014-09-20","info":{"DAY":[3,"阵雨",26,"东风","微风"],"NIGHT":[2,"阴",20,"东风","微风"],"DAWN":[3,"阵雨",20,"东风","微风"]}},{"date":"2014-09-21","info":{"DAY":[1,"多云",27,"东风","微风"],"NIGHT":[2,"阴",21,"无持续风向","微风"],"DAWN":[2,"阴",20,"东风","微风"]}}],"time":1410738448,"realtimeTemperature":"","life":[{"date":"2014-09-15","info":{"kongtiao":["较少开启","您将感到很舒适，一般不需要开启空调。"],"ziwaixian":["最弱","属弱紫外线辐射天气，无需特别防护。若长期在户外，建议涂擦SPF在8-12之间的防晒护肤品。"],"yundong":["较适宜","阴天，较适宜进行各种户内外运动。"],"ganmao":["少发","各项气象条件适宜，无明显降温过程，发生感冒机率较低。"],"xiche":["较适宜","较适宜洗车，未来一天无雨，风力较小，擦洗一新的汽车至少能保持一天。"],"wuran":["较差","气象条件较不利于空气污染物稀释、扩散和清除，请适当减少室外活动时间。"],"chuanyi":["热","天气热，建议着短裙、短裤、短薄外套、T恤等夏季服装。"]}}],"area":[["浙江","21"],["杭州","2101"],["杭州","101210101"]]}
D/WeatherWidget.AirQuality( 2477): airQuality:aux@421b0850
D/WeatherWidget.WeatherDataWrapper( 2477): get weatherCondtion from cache:{"airQualities":[{"timestamp":1410740478324,"aqi":31,"quality":"优","value":15,"level":1,"updateTime":1410732000000,"color":"#00e400"}],"weather":[{"date":"2014-09-15","info":{"DAY":[2,"阴",27,"东北风","微风"],"NIGHT":[2,"阴",23,"东北风","微风"],"DAWN":[7,"小雨",22,"东北风","微风"]}},{"date":"2014-09-16","info":{"DAY":[3,"阵雨",27,"东北风","微风"],"NIGHT":[3,"阵雨",23,"东北风","微风"],"DAWN":[2,"阴",23,"东北风","微风"]}},{"date":"2014-09-17","info":{"DAY":[3,"阵雨",28,"东北风","微风"],"NIGHT":[3,"阵雨",22,"东北风","微风"],"DAWN":[3,"阵雨",23,"东北风","微风"]}},{"date":"2014-09-18","info":{"DAY":[8,"中雨",25,"北风","微风"],"NIGHT":[3,"阵雨",20,"北风","微风"],"DAWN":[3,"阵雨",22,"东北风","微风"]}},{"date":"2014-09-19","info":{"DAY":[3,"阵雨",23,"北风","微风"],"NIGHT":[3,"阵雨",20,"东风","微风"],"DAWN":[3,"阵雨",20,"北风","微风"]}},{"date":"2014-09-20","info":{"DAY":[3,"阵雨",26,"东风","微风"],"NIGHT":[2,"阴",20,"东风","微风"],"DAWN":[3,"阵雨",20,"东风","微风"]}},{"date":"2014-09-21","info":{"DAY":[1,"多云",27,"东风","微风"],"NIGHT":[2,"阴",21,"无持续风向","微风"],"DAWN":[2,"阴",20,"东风","微风"]}}],"time":1410738448,"realtimeTemperature":"","life":[{"date":"2014-09-15","info":{"kongtiao":["较少开启","您将感到很舒适，一般不需要开启空调。"],"ziwaixian":["最弱","属弱紫外线辐射天气，无需特别防护。若长期在户外，建议涂擦SPF在8-12之间的防晒护肤品。"],"yundong":["较适宜","阴天，较适宜进行各种户内外运动。"],"ganmao":["少发","各项气象条件适宜，无明显降温过程，发生感冒机率较低。"],"xiche":["较适宜","较适宜洗车，未来一天无雨，风力较小，擦洗一新的汽车至少能保持一天。"],"wuran":["较差","气象条件较不利于空气污染物稀释、扩散和清除，请适当减少室外活动时间。"],"chuanyi":["热","天气热，建议着短裙、短裤、短薄外套、T恤等夏季服装。"]}}],"area":[["浙江","21"],["杭州","2101"],["杭州","101210101"]]}
D/WeatherWidget.AirQuality( 2477): airQuality:aux@41bcc1e0
D/WeatherWidget.IntegrateClockWeatherView( 2477): sendMessage mHandler = Handler (atG) {41c95e00}
D/WeatherWidget.IntegrateClockWeatherView( 2477): msg:0
D/WeatherWidget.IntegrateDefaultContentView( 2477): updateCityView city = 杭州;浙江;101210101
D/WeatherWidget.IntegrateDefaultContentView( 2477): updateDateView
D/WeatherWidget.IntegrateDefaultContentView( 2477): updateTimeView
D/WeatherWidget.IntegrateCurrentWeatherView( 2477): updateTimeView hour = 9 minute = 5 is24HourFormat = false
D/WeatherWidget.IntegrateClockWeatherView( 2477): updateWeatherView forecasts = auI@41d57828
D/WeatherWidget.IntegrateDefaultContentView( 2477): updateWeatherView
D/WeatherWidget.IntegrateDefaultContentView( 2477): updateCityView lastCity = 杭州;浙江;101210101
D/WeatherWidget.IntegrateDefaultContentView( 2477): updateCityView city = 杭州;浙江;101210101
D/WeatherWidget.IntegrateCurrentWeatherView( 2477): updateWeatherView mInited = true
D/WeatherWidget.IntegrateDefaultContentView( 2477): updateAirQuality
D/WeatherWidget.IntegrateDefaultContentView( 2477): doUpdateAirQuality lastCity = 杭州;浙江;101210101
D/WeatherWidget.IntegrateCurrentWeatherView( 2477): updateWeatherView mInited = true
D/WeatherWidget.IntegrateCurrentWeatherView( 2477): maxWidth:540 minWidth:450 originWidth:513
D/WeatherWidget.IntegrateCurrentWeatherView( 2477): maxHeight:273 minHeight:240 originHeight:291
D/WeatherWidget.IntegrateDefaultContentView( 2477): dispatchDraw controler.isRunning() = false fade false
W/InputMethodManagerService( 2207): Window already focused, ignoring focus gain of: com.android.internal.view.IInputMethodClient$Stub$Proxy@41b7e0c8 attribute=null, token = android.os.BinderProxy@42280b50
V/TAG     ( 2207): bug 7643792: fitSystemWindows([0,38][0,0])
D/HotPatch_pkg( 2840): before onReceive
D/Yamaha-MC1N2-Audio( 1847): yamaha_mc1n2_audio_output_start()
D/Yamaha-MC1N2-Audio( 1847): yamaha_mc1n2_audio_route_start()
D/Yamaha-MC1N2-Audio( 1847): (yamaha_mc1n2_audio_params_route_find): device = 2, direction = 0
D/HotPatch_pkg( 2840): before onReceive
D/Yamaha-MC1N2-Audio( 1847): yamaha_mc1n2_audio_output_stop()
D/Yamaha-MC1N2-Audio( 1847): yamaha_mc1n2_audio_route_start()
D/Yamaha-MC1N2-Audio( 1847): yamaha_mc1n2_audio_output_start()
D/Yamaha-MC1N2-Audio( 1847): yamaha_mc1n2_audio_route_start()
D/Yamaha-MC1N2-Audio( 1847): (yamaha_mc1n2_audio_params_route_find): device = 2, direction = 0
I/ActivityManager( 2207): Killing proc 4328:com.android.defcontainer/u0a10016: kill background
I/ActivityManager( 2207): Killing proc 4457:de.robv.android.xposed.installer/u0a10075: kill background
I/ActivityManager( 2207): Killing proc 4623:com.android.quicksearchbox/u0a10040: kill background
I/ActivityManager( 2207): Killing proc 4852:com.google.android.gsf.login/u0a10060: kill background
I/ActivityManager( 2207): Killing proc 4555:com.jingdong.app.mall/u0a10015: kill background
W/ActivityManager( 2207): Scheduling restart of crashed service com.jingdong.app.mall/com.jingdong.cloud.msg.service.JDReceiveMsgService in 5000ms
I/ActivityManager( 2207): Killing proc 4838:com.cyanogenmod.lockclock/u0a10030: kill background
I/ActivityManager( 2207): Killing proc 2595:com.google.process.gapps/u0a10060: kill background
W/ActivityManager( 2207): Scheduling restart of crashed service com.google.android.gms/.gcm.http.GoogleHttpService in 14941ms
W/ActivityManager( 2207): Scheduling restart of crashed service com.google.android.gsf/.gtalkservice.service.GTalkService in 24940ms
W/ActivityManager( 2207): Scheduling restart of crashed service com.google.android.gsf/.gtalkservice.service.GTalkServiceProxy in 34940ms
W/ActivityManager( 2207): Scheduling restart of crashed service com.google.android.gms/.gcm.GcmService in 44938ms
I/ActivityManager( 2207): Killing proc 2634:com.google.process.location/u0a10060: kill background
W/ActivityManager( 2207): Scheduling restart of crashed service com.google.android.gms/com.google.android.location.internal.GoogleLocationManagerService in 54935ms
W/ActivityManager( 2207): Scheduling restart of crashed service com.google.android.gms/com.google.android.location.reporting.service.DispatchingService in 64930ms
W/ActivityManager( 2207): Scheduling restart of crashed service com.google.android.gms/com.google.android.location.fused.NlpLocationReceiverService in 74929ms
I/ActivityManager( 2207): Killing proc 2502:com.google.android.gms/u0a10060: kill background
I/ActivityManager( 2207): Killing proc 3388:com.coolsnow.screenshot360:QLocal/u0a10055: kill background
W/ActivityManager( 2207): Scheduling restart of crashed service com.coolsnow.screenshot360/com.qihoo.psdk.local.QLocalService in 84847ms
I/ActivityManager( 2207): Killing proc 3402:com.coolsnow.screenshot360:QRemote/u0a10055: kill background
I/ActivityManager( 2207): Killing proc 4522:com.svox.pico/u0a10038: kill background
I/ActivityManager( 2207): Killing proc 3768:com.tencent.mtt:service/u0a10063: kill background
W/ActivityManager( 2207): Scheduling restart of crashed service com.tencent.mtt/.browser.push.service.PushRemoteService in 94773ms
I/ActivityManager( 2207): Killing proc 4475:com.netease.caipiao/u0a10086: kill background
I/ActivityManager( 2207): Killing proc 2981:com.netease.pushcenter.host.service.PushService/u0a10086: kill background
W/ActivityManager( 2207): Scheduling restart of crashed service com.netease.caipiao/com.netease.pushcenter.host.service.PushService in 94736ms
I/ActivityManager( 2207): Killing proc 3486:com.google.android.talk/u0a10070: kill background
I/ActivityManager( 2207): Killing proc 4084:com.android.vending/u0a10059: kill background
W/ActivityManager( 2207): Scheduling restart of crashed service com.android.vending/com.google.android.finsky.services.ContentSyncService in 104662ms
I/ActivityManager( 2207): Killing proc 3538:com.sina.weibo/u0a10084: kill background
W/ActivityManager( 2207): Scheduling restart of crashed service com.sina.weibo/.weiyou.refactor.service.DMService in 104657ms
I/ActivityManager( 2207): Killing proc 3600:com.sina.weibo:remote/u0a10084: kill background
W/ActivityManager( 2207): Scheduling restart of crashed service com.sina.weibo/.notification.hottopic.HotTopicService in 114655ms
W/ActivityManager( 2207): Scheduling restart of crashed service com.sina.weibo/com.sina.push.service.SinaPushService in 124654ms
I/ActivityManager( 2207): Killing proc 4536:org.cyanogenmod.voiceplus/u0a10050: kill background
I/ActivityManager( 2207): Killing proc 3746:com.taobao.taobao:notify/u0a10001: kill background
I/ActivityManager( 2207): Killing proc 3786:com.taobao.taobao:push/u0a10001: kill background
W/ActivityManager( 2207): Scheduling restart of crashed service com.taobao.taobao/com.taobao.agoo.PushService in 134615ms
I/ActivityManager( 2207): Killing proc 2840:com.taobao.taobao/u0a10001: kill background
W/ActivityManager( 2207): Scheduling restart of crashed service com.taobao.taobao/com.taobao.calendar.sdk.alarm.CalendarAlarmService in 144610ms
I/ActivityManager( 2207): START u0 {act=android.intent.action.MAIN cat=[android.intent.category.LAUNCHER] flg=0x10200000 cmp=com.mogujie.tt/.ui.activity.MGTTInitAct} from pid 2477
D/dalvikvm( 4926): Late-enabling CheckJNI
I/ActivityManager( 2207): Start proc com.mogujie.tt for activity com.mogujie.tt/.ui.activity.MGTTInitAct: pid=4926 uid=10062 gids={50062, 3003, 1015, 1028}
I/com.mogujie.tt.imlib.IMApplication( 4926): [IMApplication.java:26] - 1 - Application starts
I/com.mogujie.tt.imlib.IMApplication( 4926): [IMApplication.java:33] - 1 - start IMService
I/dalvikvm( 4926): DexOpt: illegal method access (call Landroid/content/res/TypedArray;.<init> (Landroid/content/res/Resources;[I[II)V from Landroid/content/res/XResources$XTypedArray;)
I/dalvikvm( 4926): Could not find method android.content.res.TypedArray.<init>, referenced from method android.content.res.XResources$XTypedArray.<init>
W/dalvikvm( 4926): VFY: unable to resolve direct method 82: Landroid/content/res/TypedArray;.<init> (Landroid/content/res/Resources;[I[II)V
D/dalvikvm( 4926): VFY: replacing opcode 0x70 at 0x0002
I/com.mogujie.tt.ui.activity.MGTTInitAct( 4926): [MGTTInitAct.java:105] - 1 - bindService(imService) ok
D/com.mogujie.tt.app.IMEntrance( 4926): [IMEntrance.java:20] - 1 - created
D/com.mogujie.tt.imlib.IMLoginManager( 4926): [IMLoginManager.java:9] - 1 - creating IMLoginManager
I/com.mogujie.tt.imlib.service.IMService( 4926): [IMService.java:38] - 1 - IMService onCreate
I/com.mogujie.tt.imlib.service.IMService( 4926): [IMService.java:55] - 1 - IMService onStartCommand
I/com.mogujie.tt.imlib.service.IMService( 4926): [IMService.java:30] - 1 - IMService onBind
D/libEGL  ( 4926): loaded /system/lib/egl/libEGL_mali.so
D/libEGL  ( 4926): loaded /system/lib/egl/libGLESv1_CM_mali.so
D/libEGL  ( 4926): loaded /system/lib/egl/libGLESv2_mali.so
E/        ( 4926): Device driver API match
E/        ( 4926): Device driver API version: 17
E/        ( 4926): User space API version: 17 
E/        ( 4926): mali: REVISION=Linux-r3p1-01rel1 BUILD_DATE=Tue Jul  2 15:06:24 KST 2013 
D/OpenGLRenderer( 4926): Enabling debug mode 0
I/com.mogujie.tt.ui.activity.MGTTInitAct( 4926): [MGTTInitAct.java:67] - 1 - onService(imService)Connected
D/com.mogujie.tt.ui.activity.MGTTInitAct( 4926): [MGTTInitAct.java:78] - 1 - get imService ok
D/com.mogujie.tt.imlib.service.IMService( 4926): [IMService.java:65] - 1 - getLoginManager
I/ActivityManager( 2207): Displayed com.mogujie.tt/.ui.activity.MGTTInitAct: +363ms (total +36s804ms)
I/ActivityManager( 2207): Start proc com.jingdong.app.mall for service com.jingdong.app.mall/com.jingdong.cloud.msg.service.JDReceiveMsgService: pid=4945 uid=10015 gids={50015, 3003, 1006, 1015, 3002, 3001, 1028}
I/dalvikvm( 4945): Turning on JNI app bug workarounds for target SDK version 9...
D/Yamaha-MC1N2-Audio( 1847): yamaha_mc1n2_audio_output_stop()
D/Yamaha-MC1N2-Audio( 1847): yamaha_mc1n2_audio_route_start()
D/dalvikvm( 4945): Trying to load lib /data/app-lib/com.jingdong.app.mall-1/libBaiduMapSDK_v2_4_1.so 0x41b2b550
D/dalvikvm( 4945): Added shared lib /data/app-lib/com.jingdong.app.mall-1/libBaiduMapSDK_v2_4_1.so 0x41b2b550
D/AppCommonMemCache( 4945): commonmemcache addr: 1074721220
D/auth info( 4945): mcode: B0:B5:89:45:3F:D3:1B:D6:97:A0:E9:9C:F8:E4:C8:61:AC:44:FB:88;com.jingdong.app.mall
D/dalvikvm( 4945): Trying to load lib /data/app-lib/com.jingdong.app.mall-1/libjd-jni.so 0x41b2b550
D/dalvikvm( 4945): Added shared lib /data/app-lib/com.jingdong.app.mall-1/libjd-jni.so 0x41b2b550
D/dalvikvm( 4945): No JNI_OnLoad found in /data/app-lib/com.jingdong.app.mall-1/libjd-jni.so 0x41b2b550, skipping init
D/dalvikvm( 4945): Trying to load lib /data/app-lib/com.jingdong.app.mall-1/libjdbitmapkit.so 0x41b2b550
D/dalvikvm( 4945): Added shared lib /data/app-lib/com.jingdong.app.mall-1/libjdbitmapkit.so 0x41b2b550
W/Settings( 4945): Setting android_id has moved from android.provider.Settings.System to android.provider.Settings.Secure, returning read-only value.
W/Settings( 4945): Setting android_id has moved from android.provider.Settings.System to android.provider.Settings.Secure, returning read-only value.
W/Settings( 4945): Setting android_id has moved from android.provider.Settings.System to android.provider.Settings.Secure, returning read-only value.
D/tag:debugLog=( 4945): tid:4945; -->properties.getProperty(key)
D/tag:debugLog=( 4945): tid:4945; -->localProperties.get(key)
D/tag:viewLog=( 4945): tid:4945; -->properties.getProperty(key)
D/tag:viewLog=( 4945): tid:4945; -->localProperties.get(key)
D/tag:infoLog=( 4945): tid:4945; -->properties.getProperty(key)
D/tag:infoLog=( 4945): tid:4945; -->localProperties.get(key)
D/tag:warnLog=( 4945): tid:4945; -->properties.getProperty(key)
D/tag:warnLog=( 4945): tid:4945; -->localProperties.get(key)
D/tag:errorLog=( 4945): tid:4945; -->properties.getProperty(key)
D/tag:errorLog=( 4945): tid:4945; -->localProperties.get(key)
D/tag:testmode=( 4945): tid:4945; -->properties.getProperty(key)
D/tag:testmode=( 4945): tid:4945; -->localProperties.get(key)
D/JDReceiveMsgService( 4945): tid:4945; -->Invoke onCreate()
D/PushSocket( 4945): tid:4973; -->Target host: host = jmp1.jcloud.com
D/com.ja.analytics.MobJaAgent( 4945): updateOnlineConfig() --->
D/com.ja.analytics.logevent.EventLog( 4945): setSessionCount()  ： 1
D/com.ja.analytics.logevent.EventLog( 4945): get the old data first: get session from mSessionCount:  0
D/com.ja.analytics.logevent.EventLog( 4945): get the old data first: get session from preferences:  1550
D/com.ja.analytics.logevent.EventLog( 4945): Set the old data before: Set session from preferences:  1551
D/com.ja.analytics.logevent.EventLog( 4945): Set the old data end: Set session from preferences:  1551
D/com.ja.analytics.db.EventTable( 4945):  openSQLiteDatabase() ---> 
D/com.ja.analytics.db.DatabaseHelper( 4945):  getDatabase() => context=: android.app.ContextImpl@41b2ffc8
D/com.ja.analytics.db.DatabaseHelper( 4945):  new DatabaseHelper(context, DB_VERSION_CODE) 
D/com.ja.analytics.db.DatabaseHelper( 4945):  JaSdkDatabaseHelper=> 
D/com.ja.analytics.db.DatabaseHelper( 4945): writableDatabase =>
D/com.ja.analytics.db.CrashTable( 4945):  openSQLiteDatabase() ---> 
D/com.ja.analytics.db.DatabaseHelper( 4945):  getDatabase() => context=: android.app.ContextImpl@41b2ffc8
D/com.ja.analytics.db.DatabaseHelper( 4945):  JaSdkDatabaseHelper=> 
D/com.ja.analytics.db.DatabaseHelper( 4945): writableDatabase =>
D/com.ja.analytics.db.CrashTable( 4945):  openSQLiteDatabase() OK!! 
D/PushService( 4945): tid:4973; -->1################ regId = 36b4ee25e12f9f0101903c0050fecd2a
D/PushService( 4945): tid:4973; -->2################ context = com.jingdong.cloud.msg.service.JDReceiveMsgService@41d90dd0
D/loginOrRegister:36b4ee25e12f9f0101903c0050fecd2a=( 4945): tid:4973; -->36b4ee25e12f9f0101903c0050fecd2a
I/PushService( 4945): Sending login request...
I/PushSocketProtocol( 4945): putJsonMsg... appID ： jdapp
D/PushSocketProtocol( 4945): tid:4973; -->Send JSON message: context = com.jingdong.cloud.msg.service.JDReceiveMsgService@41d90dd0
D/PushSocketProtocol( 4945): tid:4973; -->Send JSON message: socket = Socket[address=jmp1.jcloud.com/211.151.12.48,port=80,localPort=54081]
D/PushSocketProtocol( 4945): tid:4973; -->Send JSON message: type = 1, message ={"o":"LOGN","rid":"36b4ee25e12f9f0101903c0050fecd2a","reqid":"1060387868673","aid":"jdapp"}
I/PushSocketProtocol( 4945): Succeed to send request!
D/PushService( 4945): tid:4973; -->Prepare to read Json data from server: regId = 36b4ee25e12f9f0101903c0050fecd2a
D/PushService( 4945): tid:4973; -->Log.LOG_FILE==== /storage/sdcard0/jmp_log.txt
D/PushService( 4945): tid:4973; -->Received json message ： opcoFlag = OK, message{"tags":"","v":"","rid":"36b4ee25e12f9f0101903c0050fecd2a","uv":"","err":"","o":"OK","pid":"","mid":"","aid":"jdapp","reqid":"1060387868673","ct":""}
D/PushService( 4945): tid:4973; -->parseJson --->  call = [1, 1060387868673]
D/PushService( 4945): tid:4973; -->Handle received data: type = 1, data =  {"tags":"","v":"","rid":"36b4ee25e12f9f0101903c0050fecd2a","uv":"","err":"","o":"OK","pid":"","mid":"","aid":"jdapp","reqid":"1060387868673","ct":""}
D/PushSocketProtocol( 4945): tid:4973; -->Open or close heartbeat: isOpenHeartBeat = false
I/MobJaAgent( 4945): Response from online config data result: {"appkey":"20095","isvalid":true,"sendlog":{"time":30,"send":"timesend"}}
D/com.ja.analytics.framework.LogDatabaseMonitor( 4945): LogDatabaseMonitor() --->
D/PushSocketProtocol( 4945): tid:4981; -->Send heartbeat.
I/PushSocketProtocol( 4945): putJsonMsg... appID ： jdapp
D/PushSocketProtocol( 4945): tid:4981; -->Send JSON message: context = com.jingdong.cloud.msg.service.JDReceiveMsgService@41d90dd0
D/PushSocketProtocol( 4945): tid:4981; -->Send JSON message: socket = Socket[address=jmp1.jcloud.com/211.151.12.48,port=80,localPort=54081]
D/com.ja.analytics.framework.LogDatabaseMonitor( 4945): getMonitor() --->
D/PushSocketProtocol( 4945): tid:4981; -->Send JSON message: type = 2, message ={"o":"PI"}
I/PushSocketProtocol( 4945): Succeed to send request!
D/PushSocketProtocol$HeartbeatTask( 4945): tid:4981; -->now - initial = 1410743115698-1410743115683 = 15, CHECK_REQ_QUEUE_TIMEOUT_INTERVAL = 1800000
I/MobJaAgent( 4945): Request to real time data result: 
D/Yamaha-MC1N2-Audio( 1847): yamaha_mc1n2_audio_output_start()
D/Yamaha-MC1N2-Audio( 1847): yamaha_mc1n2_audio_route_start()
D/Yamaha-MC1N2-Audio( 1847): (yamaha_mc1n2_audio_params_route_find): device = 2, direction = 0
D/com.mogujie.tt.app.IMEntrance( 4926): [IMEntrance.java:47] - 1 - initTask ==>满山
D/com.mogujie.tt.conn.LoginManager( 4926): [LoginManager.java:200] - 1 - ----doLogin, name:满山
I/com.mogujie.tt.conn.LoginManager( 4926): [LoginManager.java:606] - 1 - ----startConnectLoginServer together in threads.strLoginServIp1:122.225.68.125 strLoginServIp2:101.68.218.125 nLoginServPort:9008
I/com.mogujie.tt.socket.SocketHandler( 4926): [SocketHandler.java:56] - 253 - [CONNECTED] ADDRESS:/122.225.68.125:9008
D/com.mogujie.tt.conn.LoginManager( 4926): [LoginManager.java:293] - 253 - ----HANDLER_CONNECT_SUCESS
D/com.mogujie.tt.conn.LoginManager( 4926): [LoginManager.java:297] - 253 - ----peer server address:/122.225.68.125:9008
D/com.mogujie.tt.conn.LoginManager( 4926): [LoginManager.java:313] - 253 - ----connect login server ok
I/com.mogujie.tt.conn.LoginManager( 4926): [LoginManager.java:620] - 253 - ----try to get message server address from  login server:/122.225.68.125:9008
D/com.mogujie.tt.conn.LoginManager( 4926): [LoginManager.java:629] - 253 - ----use ip1
D/com.mogujie.tt.packet.WaitingListMonitor( 4926): [WaitingListMonitor.java:55] - 253 - start WaitingListMonitor!
D/com.mogujie.tt.packet.PacketSendMonitor( 4926): [PacketSendMonitor.java:43] - 253 - start PacketSendMonitor !!!
D/com.mogujie.tt.packet.PacketSendMonitor( 4926): [PacketSendMonitor.java:129] - 251 - push an action into waiting list :seqNo = 1
D/com.mogujie.tt.packet.PacketSendMonitor( 4926): [PacketSendMonitor.java:134] - 251 - push success
D/com.mogujie.tt.config.ProtocolConstant$ProtocolDumper( 4926): [ProtocolConstant.java:117] - 251 - packet#sending packet, service:SID_LOGIN(1), command:CID_LOGIN_REQ_MSGSERVER(1), seqNo:1
D/com.mogujie.tt.socket.MoGuSocket( 4926): [MoGuSocket.java:237] - 251 - packet#send ok
D/com.mogujie.tt.packet.PacketSendMonitor( 4926): [PacketSendMonitor.java:147] - 251 - send message success : sid = 1 cid = 1 seqNo = 1
I/com.mogujie.tt.socket.SocketHandler( 4926): [SocketHandler.java:56] - 260 - [CONNECTED] ADDRESS:/101.68.218.125:9008
D/com.mogujie.tt.conn.LoginManager( 4926): [LoginManager.java:293] - 260 - ----HANDLER_CONNECT_SUCESS
D/com.mogujie.tt.conn.LoginManager( 4926): [LoginManager.java:297] - 260 - ----peer server address:/101.68.218.125:9008
D/com.mogujie.tt.conn.LoginManager( 4926): [LoginManager.java:313] - 260 - ----connect login server ok
I/com.mogujie.tt.conn.LoginManager( 4926): [LoginManager.java:620] - 260 - ----try to get message server address from  login server:/101.68.218.125:9008
W/com.mogujie.tt.conn.LoginManager( 4926): [LoginManager.java:650] - 260 - socketLogin2.close
D/com.mogujie.tt.socket.SocketHandler( 4926): [SocketHandler.java:95] - 253 - messageReceived
D/com.mogujie.tt.packet.MessageDispatchCenter( 4926): [MessageDispatchCenter.java:81] - 253 - OnRecvMessage
D/com.mogujie.tt.packet.base.Header( 4926): [Header.java:75] - 253 - decode header, length:58, version:1, flag:0, serviceId:1, commandId:2, error:0, reserved:1
I/com.mogujie.tt.socket.SocketHandler( 4926): [SocketHandler.java:137] - 260 - [ DISCONNECTED ] ADDRESS:/101.68.218.125:9008
W/com.mogujie.tt.conn.LoginManager( 4926): [LoginManager.java:655] - 260 - ----socketLogin already exsits, close them
D/com.mogujie.tt.config.ProtocolConstant$ProtocolDumper( 4926): [ProtocolConstant.java:117] - 253 - packet#received packet, service:SID_LOGIN(1), command:CID_LOGIN_RES_MSGSERVER(2), seqNo:1
D/com.mogujie.tt.packet.base.Header( 4926): [Header.java:75] - 253 - decode header, length:58, version:1, flag:0, serviceId:1, commandId:2, error:0, reserved:1
D/com.mogujie.tt.conn.LoginManager( 4926): [LoginManager.java:683] - 253 - ----onSuccess packet
D/com.mogujie.tt.conn.LoginManager( 4926): [LoginManager.java:348] - 1 - ----CID_LOGIN_RES_MSGSERVER
D/com.mogujie.tt.conn.LoginManager( 4926): [LoginManager.java:728] - 1 - ----got msg server addresses.ip1:122.225.68.125, ip2:,port:9300
I/com.mogujie.tt.socket.SocketHandler( 4926): [SocketHandler.java:137] - 253 - [ DISCONNECTED ] ADDRESS:/122.225.68.125:9008
D/com.mogujie.tt.conn.LoginManager( 4926): [LoginManager.java:121] - 1 - ----start to connect message server
W/com.mogujie.tt.conn.LoginManager( 4926): [LoginManager.java:130] - 1 - socketLogin1.close();
W/com.mogujie.tt.conn.LoginManager( 4926): [LoginManager.java:138] - 1 - socketLogin2.close();
D/com.mogujie.tt.conn.LoginManager( 4926): [LoginManager.java:175] - 1 - ----connect message server in thread1
D/com.mogujie.tt.conn.LoginManager( 4926): [LoginManager.java:352] - 1 - ----REQUEST_MESSAGE_SERVER_SUCCESS
I/com.mogujie.tt.socket.SocketHandler( 4926): [SocketHandler.java:56] - 269 - [CONNECTED] ADDRESS:/122.225.68.125:9300
D/com.mogujie.tt.conn.LoginManager( 4926): [LoginManager.java:293] - 269 - ----HANDLER_CONNECT_SUCESS
D/com.mogujie.tt.conn.LoginManager( 4926): [LoginManager.java:297] - 269 - ----peer server address:/122.225.68.125:9300
D/com.mogujie.tt.conn.LoginManager( 4926): [LoginManager.java:329] - 269 - ----connect message server ok
I/com.mogujie.tt.conn.LoginManager( 4926): [LoginManager.java:441] - 269 - ----start to do real login authentication, server address:/122.225.68.125:9300
E/com.mogujie.tt.config.ProtocolConstant$ProtocolDumper( 4926): [ProtocolConstant.java:103] - 251 - no such cidList for service:SID_OTHER
D/com.mogujie.tt.config.ProtocolConstant$ProtocolDumper( 4926): [ProtocolConstant.java:117] - 251 - packet#sending packet, service:SID_OTHER(7), command:(1), seqNo:3
D/com.mogujie.tt.socket.MoGuSocket( 4926): [MoGuSocket.java:237] - 251 - packet#send ok
D/com.mogujie.tt.packet.PacketSendMonitor( 4926): [PacketSendMonitor.java:147] - 251 - send message success : sid = 7 cid = 1 seqNo = 3
D/com.mogujie.tt.packet.PacketSendMonitor( 4926): [PacketSendMonitor.java:129] - 251 - push an action into waiting list :seqNo = 2
D/com.mogujie.tt.packet.PacketSendMonitor( 4926): [PacketSendMonitor.java:134] - 251 - push success
D/com.mogujie.tt.config.ProtocolConstant$ProtocolDumper( 4926): [ProtocolConstant.java:117] - 251 - packet#sending packet, service:SID_LOGIN(1), command:CID_LOGIN_REQ_USERLOGIN(3), seqNo:2
D/com.mogujie.tt.socket.MoGuSocket( 4926): [MoGuSocket.java:237] - 251 - packet#send ok
D/com.mogujie.tt.packet.PacketSendMonitor( 4926): [PacketSendMonitor.java:147] - 251 - send message success : sid = 1 cid = 3 seqNo = 2
D/com.mogujie.tt.socket.SocketHandler( 4926): [SocketHandler.java:95] - 269 - messageReceived
D/com.mogujie.tt.packet.MessageDispatchCenter( 4926): [MessageDispatchCenter.java:81] - 269 - OnRecvMessage
D/com.mogujie.tt.packet.base.Header( 4926): [Header.java:75] - 269 - decode header, length:156, version:1, flag:0, serviceId:1, commandId:4, error:0, reserved:2
D/com.mogujie.tt.config.ProtocolConstant$ProtocolDumper( 4926): [ProtocolConstant.java:117] - 269 - packet#received packet, service:SID_LOGIN(1), command:CID_LOGIN_RES_USERLOGIN(4), seqNo:2
D/com.mogujie.tt.packet.base.Header( 4926): [Header.java:75] - 269 - decode header, length:156, version:1, flag:0, serviceId:1, commandId:4, error:0, reserved:2
D/com.mogujie.tt.conn.LoginManager( 4926): [LoginManager.java:522] - 269 - ----real user login with pwd ok
D/com.mogujie.tt.conn.LoginManager( 4926): [LoginManager.java:576] - 1 - ----real login ok
D/com.mogujie.tt.conn.LoginManager( 4926): [LoginManager.java:378] - 1 - ---REQUEST_LOGIN_SUCCESS
D/com.mogujie.tt.imlib.service.IMService( 4926): [IMService.java:71] - 1 - getContactManager
D/com.mogujie.tt.imlib.IMContactManager( 4926): [IMContactManager.java:55] - 1 - contact#fetchContacts
D/com.mogujie.tt.imlib.IMContactManager( 4926): [IMContactManager.java:148] - 1 - contact#triggerContactsDataReady
I/com.mogujie.tt.imlib.IMContactManager( 4926): [IMContactManager.java:160] - 1 - contact#didn't broadcast anything because contacts data are not ready
I/com.mogujie.tt.imlib.IMContactManager( 4926): [IMContactManager.java:123] - 1 - contact#reqGetDepartments
D/com.mogujie.tt.packet.base.DefaultHeader( 4926): [DefaultHeader.java:20] - 1 - packet#construct Default Header -> serviceId:2, commandId:18, seqNo:4
D/com.mogujie.tt.config.ProtocolConstant$ProtocolDumper( 4926): [ProtocolConstant.java:117] - 1 - packet#sending packet, service:SID_BUDDY_LIST(2), command:CID_BUDDY_LIST_DEPARTMENT_REQUEST(18), seqNo:4
D/com.mogujie.tt.socket.MoGuSocket( 4926): [MoGuSocket.java:237] - 1 - packet#send ok
I/com.mogujie.tt.imlib.IMContactManager( 4926): [IMContactManager.java:133] - 1 - contact#send packet to server
I/com.mogujie.tt.imlib.IMContactManager( 4926): [IMContactManager.java:137] - 1 - contact#reqGetAllUsers
D/com.mogujie.tt.packet.base.DefaultHeader( 4926): [DefaultHeader.java:20] - 1 - packet#construct Default Header -> serviceId:2, commandId:14, seqNo:5
D/com.mogujie.tt.config.ProtocolConstant$ProtocolDumper( 4926): [ProtocolConstant.java:117] - 1 - packet#sending packet, service:SID_BUDDY_LIST(2), command:CID_BUDDY_LIST_ALL_USER_REQUEST(14), seqNo:5
D/com.mogujie.tt.socket.SocketHandler( 4926): [SocketHandler.java:95] - 269 - messageReceived
D/com.mogujie.tt.packet.MessageDispatchCenter( 4926): [MessageDispatchCenter.java:81] - 269 - OnRecvMessage
D/com.mogujie.tt.packet.base.Header( 4926): [Header.java:75] - 269 - decode header, length:318, version:1, flag:0, serviceId:2, commandId:19, error:0, reserved:4
D/com.mogujie.tt.config.ProtocolConstant$ProtocolDumper( 4926): [ProtocolConstant.java:117] - 269 - packet#received packet, service:SID_BUDDY_LIST(2), command:CID_BUDDY_LIST_DEPARTMENT_RESPONSE(19), seqNo:4
W/com.mogujie.tt.packet.MessageDispatchCenter( 4926): [MessageDispatchCenter.java:120] - 269 - packet#seqNo is not 0, should be new packets
D/com.mogujie.tt.socket.MoGuSocket( 4926): [MoGuSocket.java:237] - 1 - packet#send ok
I/com.mogujie.tt.imlib.IMContactManager( 4926): [IMContactManager.java:143] - 1 - contact#send packet to server
D/com.mogujie.tt.imlib.IMPacketDispatcher( 4926): [IMPacketDispatcher.java:12] - 269 - dispatch packet, serviceId:2, commandId:19
I/com.mogujie.tt.imlib.IMContactManager( 4926): [IMContactManager.java:227] - 1 - contact#reqGetRecentUsers
I/com.mogujie.tt.imlib.IMContactManager( 4926): [IMContactManager.java:166] - 269 - contact#onRepDepartment
D/com.mogujie.tt.packet.base.DefaultHeader( 4926): [DefaultHeader.java:20] - 1 - packet#construct Default Header -> serviceId:2, commandId:1, seqNo:6
D/com.mogujie.tt.config.ProtocolConstant$ProtocolDumper( 4926): [ProtocolConstant.java:117] - 1 - packet#sending packet, service:SID_BUDDY_LIST(2), command:CID_BUDDY_LIST_REQUEST(1), seqNo:6
D/com.mogujie.tt.packet.base.DefaultHeader( 4926): [DefaultHeader.java:20] - 269 - packet#construct Default Header -> serviceId:2, commandId:18, seqNo:7
D/com.mogujie.tt.socket.MoGuSocket( 4926): [MoGuSocket.java:237] - 1 - packet#send ok
D/com.mogujie.tt.packet.base.Header( 4926): [Header.java:75] - 269 - decode header, length:318, version:1, flag:0, serviceId:2, commandId:19, error:0, reserved:4
I/com.mogujie.tt.imlib.IMContactManager( 4926): [IMContactManager.java:233] - 1 - contact#send packet to server
D/com.mogujie.tt.imlib.service.IMService( 4926): [IMService.java:83] - 1 - getHeartBeatManager
I/com.mogujie.tt.imlib.IMContactManager( 4926): [IMContactManager.java:173] - 269 - contact#department cnt:4
I/ActivityManager( 2207): START u0 {cmp=com.mogujie.tt/.ui.activity.MainActivity} from pid 4926
I/com.mogujie.tt.imlib.IMContactManager( 4926): [IMContactManager.java:176] - 269 - department -> entity:id:1010, title:SWAT-IM, description:SWAT-IM部门, parentId:14, leaderId:10007, status:0, pinyin:null
D/com.mogujie.tt.ui.base.TTBaseFragment( 4926): [ChatFragment.java:109] - 1 - onCreate
D/com.mogujie.tt.ui.base.TTBaseFragment( 4926): [ChatFragment.java:117] - 1 - onCreateView
D/com.mogujie.tt.db.DBHelper( 4926): [DBHelper.java:284] - 1 - moguimdb onOpen DB
D/com.mogujie.tt.entity.MessageInfo( 4926): [MessageInfo.java:150] - 1 -  setMsgLoadState  = 3
D/com.mogujie.tt.entity.MessageInfo( 4926): [MessageInfo.java:150] - 1 -  setMsgLoadState  = 3
D/com.mogujie.tt.entity.MessageInfo( 4926): [MessageInfo.java:150] - 1 -  setMsgLoadState  = 3
D/com.mogujie.tt.entity.MessageInfo( 4926): [MessageInfo.java:150] - 1 -  setMsgLoadState  = 3
D/com.mogujie.tt.entity.MessageInfo( 4926): [MessageInfo.java:150] - 1 -  setMsgLoadState  = 3
D/com.mogujie.tt.entity.MessageInfo( 4926): [MessageInfo.java:150] - 1 -  setMsgLoadState  = 3
D/com.mogujie.tt.entity.MessageInfo( 4926): [MessageInfo.java:150] - 1 -  setMsgLoadState  = 3
D/com.mogujie.tt.entity.MessageInfo( 4926): [MessageInfo.java:150] - 1 -  setMsgLoadState  = 3
D/com.mogujie.tt.entity.MessageInfo( 4926): [MessageInfo.java:150] - 1 -  setMsgLoadState  = 3
D/com.mogujie.tt.entity.MessageInfo( 4926): [MessageInfo.java:150] - 1 -  setMsgLoadState  = 3
D/com.mogujie.tt.entity.MessageInfo( 4926): [MessageInfo.java:150] - 1 -  setMsgLoadState  = 3
D/com.mogujie.tt.entity.MessageInfo( 4926): [MessageInfo.java:150] - 1 -  setMsgLoadState  = 3
D/com.mogujie.tt.entity.MessageInfo( 4926): [MessageInfo.java:150] - 1 -  setMsgLoadState  = 3
D/com.mogujie.tt.entity.MessageInfo( 4926): [MessageInfo.java:150] - 1 -  setMsgLoadState  = 2
D/com.mogujie.tt.entity.MessageInfo( 4926): [MessageInfo.java:150] - 1 -  setMsgLoadState  = 1
D/com.mogujie.tt.entity.RecentInfo( 4926): [RecentInfo.java:53] - 1 - recent#setUserId -> userId:2172
D/com.mogujie.tt.entity.RecentInfo( 4926): [RecentInfo.java:53] - 1 - recent#setUserId -> userId:1873
D/com.mogujie.tt.entity.RecentInfo( 4926): [RecentInfo.java:53] - 1 - recent#setUserId -> userId:1972
D/com.mogujie.tt.entity.RecentInfo( 4926): [RecentInfo.java:53] - 1 - recent#setUserId -> userId:2001
D/com.mogujie.tt.entity.RecentInfo( 4926): [RecentInfo.java:53] - 1 - recent#setUserId -> userId:2142
D/com.mogujie.tt.entity.RecentInfo( 4926): [RecentInfo.java:53] - 1 - recent#setUserId -> userId:2286
D/com.mogujie.tt.entity.RecentInfo( 4926): [RecentInfo.java:53] - 1 - recent#setUserId -> userId:2322
D/com.mogujie.tt.entity.RecentInfo( 4926): [RecentInfo.java:53] - 1 - recent#setUserId -> userId:1884
D/com.mogujie.tt.entity.RecentInfo( 4926): [RecentInfo.java:53] - 1 - recent#setUserId -> userId:1968
D/com.mogujie.tt.entity.RecentInfo( 4926): [RecentInfo.java:53] - 1 - recent#setUserId -> userId:1997
D/com.mogujie.tt.entity.RecentInfo( 4926): [RecentInfo.java:53] - 1 - recent#setUserId -> userId:1870
D/com.mogujie.tt.entity.RecentInfo( 4926): [RecentInfo.java:53] - 1 - recent#setUserId -> userId:1924
D/com.mogujie.tt.entity.RecentInfo( 4926): [RecentInfo.java:53] - 1 - recent#setUserId -> userId:2235
D/com.mogujie.tt.entity.RecentInfo( 4926): [RecentInfo.java:53] - 1 - recent#setUserId -> userId:1781
D/com.mogujie.tt.entity.RecentInfo( 4926): [RecentInfo.java:53] - 1 - recent#setUserId -> userId:1820
D/com.mogujie.tt.entity.RecentInfo( 4926): [RecentInfo.java:53] - 1 - recent#setUserId -> userId:1951
D/com.mogujie.tt.biz.ContactHelper( 4926): [ContactHelper.java:170] - 1 - recent#4
D/com.mogujie.tt.entity.RecentInfo( 4926): [RecentInfo.java:70] - 1 - recent#setuserName -> uname:2172
D/com.mogujie.tt.biz.ContactHelper( 4926): [ContactHelper.java:170] - 1 - recent#4
D/com.mogujie.tt.entity.RecentInfo( 4926): [RecentInfo.java:70] - 1 - recent#setuserName -> uname:1873
D/com.mogujie.tt.biz.ContactHelper( 4926): [ContactHelper.java:170] - 1 - recent#4
D/com.mogujie.tt.entity.RecentInfo( 4926): [RecentInfo.java:70] - 1 - recent#setuserName -> uname:1972
D/com.mogujie.tt.biz.ContactHelper( 4926): [ContactHelper.java:170] - 1 - recent#4
D/com.mogujie.tt.entity.RecentInfo( 4926): [RecentInfo.java:70] - 1 - recent#setuserName -> uname:2001
D/com.mogujie.tt.biz.ContactHelper( 4926): [ContactHelper.java:170] - 1 - recent#4
D/com.mogujie.tt.entity.RecentInfo( 4926): [RecentInfo.java:70] - 1 - recent#setuserName -> uname:2142
D/com.mogujie.tt.biz.ContactHelper( 4926): [ContactHelper.java:170] - 1 - recent#4
D/com.mogujie.tt.entity.RecentInfo( 4926): [RecentInfo.java:70] - 1 - recent#setuserName -> uname:2286
D/com.mogujie.tt.biz.ContactHelper( 4926): [ContactHelper.java:170] - 1 - recent#4
D/com.mogujie.tt.entity.RecentInfo( 4926): [RecentInfo.java:70] - 1 - recent#setuserName -> uname:2322
D/com.mogujie.tt.biz.ContactHelper( 4926): [ContactHelper.java:170] - 1 - recent#4
D/com.mogujie.tt.entity.RecentInfo( 4926): [RecentInfo.java:70] - 1 - recent#setuserName -> uname:1884
D/com.mogujie.tt.biz.ContactHelper( 4926): [ContactHelper.java:170] - 1 - recent#4
D/com.mogujie.tt.entity.RecentInfo( 4926): [RecentInfo.java:70] - 1 - recent#setuserName -> uname:1968
D/com.mogujie.tt.biz.ContactHelper( 4926): [ContactHelper.java:170] - 1 - recent#4
D/com.mogujie.tt.entity.RecentInfo( 4926): [RecentInfo.java:70] - 1 - recent#setuserName -> uname:1997
D/com.mogujie.tt.biz.ContactHelper( 4926): [ContactHelper.java:170] - 1 - recent#4
D/com.mogujie.tt.entity.RecentInfo( 4926): [RecentInfo.java:70] - 1 - recent#setuserName -> uname:1870
D/com.mogujie.tt.biz.ContactHelper( 4926): [ContactHelper.java:170] - 1 - recent#4
D/com.mogujie.tt.entity.RecentInfo( 4926): [RecentInfo.java:70] - 1 - recent#setuserName -> uname:1924
D/com.mogujie.tt.biz.ContactHelper( 4926): [ContactHelper.java:170] - 1 - recent#4
D/com.mogujie.tt.entity.RecentInfo( 4926): [RecentInfo.java:70] - 1 - recent#setuserName -> uname:2235
D/com.mogujie.tt.biz.ContactHelper( 4926): [ContactHelper.java:170] - 1 - recent#4
D/com.mogujie.tt.entity.RecentInfo( 4926): [RecentInfo.java:70] - 1 - recent#setuserName -> uname:1781
D/com.mogujie.tt.biz.ContactHelper( 4926): [ContactHelper.java:170] - 1 - recent#4
D/com.mogujie.tt.entity.RecentInfo( 4926): [RecentInfo.java:70] - 1 - recent#setuserName -> uname:1820
D/com.mogujie.tt.entity.RecentInfo( 4926): [RecentInfo.java:53] - 1 - recent#setUserId -> userId:1951
D/com.mogujie.tt.biz.ContactHelper( 4926): [ContactHelper.java:156] - 1 - recent#1
D/com.mogujie.tt.entity.RecentInfo( 4926): [RecentInfo.java:70] - 1 - recent#setuserName -> uname:舒沉
I/com.mogujie.tt.imlib.IMContactManager( 4926): [IMContactManager.java:176] - 269 - department -> entity:id:1011, title:SWAT（架构支撑）, description:SWAT（架构支撑）, parentId:14, leaderId:10001, status:0, pinyin:null
I/com.mogujie.tt.imlib.IMContactManager( 4926): [IMContactManager.java:176] - 269 - department -> entity:id:1012, title:SWAT（垂直产品支撑）, description:SWAT（垂直产品支撑）, parentId:14, leaderId:10002, status:0, pinyin:null
I/com.mogujie.tt.imlib.IMContactManager( 4926): [IMContactManager.java:176] - 269 - department -> entity:id:14, title:SWAT, description:位于10F的SWAT特种部队程序员, parentId:0, leaderId:10000, status:0, pinyin:null
D/com.mogujie.tt.imlib.IMContactManager( 4926): [IMContactManager.java:148] - 269 - contact#triggerContactsDataReady
I/com.mogujie.tt.imlib.IMContactManager( 4926): [IMContactManager.java:160] - 269 - contact#didn't broadcast anything because contacts data are not ready
D/com.mogujie.tt.ui.base.TTBaseFragment( 4926): [ContactFragment.java:188] - 1 - contact#registerActions
D/com.mogujie.tt.ui.base.TTBaseFragment( 4926): [ContactFragment.java:132] - 1 - contact#bindService
D/com.mogujie.tt.socket.SocketHandler( 4926): [SocketHandler.java:95] - 269 - messageReceived
I/com.mogujie.tt.ui.base.TTBaseFragment( 4926): [ContactFragment.java:143] - 1 - contact#bindService(imService) ok
D/com.mogujie.tt.packet.MessageDispatchCenter( 4926): [MessageDispatchCenter.java:81] - 269 - OnRecvMessage
D/com.mogujie.tt.packet.base.Header( 4926): [Header.java:75] - 269 - decode header, length:46008, version:1, flag:0, serviceId:2, commandId:15, error:0, reserved:5
D/com.mogujie.tt.config.ProtocolConstant$ProtocolDumper( 4926): [ProtocolConstant.java:117] - 269 - packet#received packet, service:SID_BUDDY_LIST(2), command:CID_BUDDY_LIST_ALL_USER_RESPONSE(15), seqNo:5
W/com.mogujie.tt.packet.MessageDispatchCenter( 4926): [MessageDispatchCenter.java:120] - 269 - packet#seqNo is not 0, should be new packets
D/com.mogujie.tt.imlib.IMPacketDispatcher( 4926): [IMPacketDispatcher.java:12] - 269 - dispatch packet, serviceId:2, commandId:15
I/com.mogujie.tt.imlib.IMContactManager( 4926): [IMContactManager.java:197] - 269 - contact#onRepAllUsers
D/com.mogujie.tt.packet.base.DefaultHeader( 4926): [DefaultHeader.java:20] - 269 - packet#construct Default Header -> serviceId:2, commandId:14, seqNo:8
D/com.mogujie.tt.packet.base.Header( 4926): [Header.java:75] - 269 - decode header, length:46008, version:1, flag:0, serviceId:2, commandId:15, error:0, reserved:5
D/com.mogujie.tt.ui.base.TTBaseFragment( 4926): [ContactFragment.java:280] - 1 - --------------dump contacts------------------
D/com.mogujie.tt.ui.base.TTBaseFragment( 4926): [ContactFragment.java:282] - 1 - userName:阿妹, pinyin:A
D/com.mogujie.tt.ui.base.TTBaseFragment( 4926): [ContactFragment.java:282] - 1 - userName:阿郎, pinyin:A
D/com.mogujie.tt.ui.base.TTBaseFragment( 4926): [ContactFragment.java:282] - 1 - userName:白水水, pinyin:B
D/com.mogujie.tt.ui.base.TTBaseFragment( 4926): [ContactFragment.java:282] - 1 - userName:白天不亮, pinyin:B
I/com.mogujie.tt.imlib.IMContactManager( 4926): [IMContactManager.java:204] - 269 - contact#user cnt:589
D/com.mogujie.tt.ui.base.TTBaseFragment( 4926): [ContactFragment.java:282] - 1 - userName:BOBO, pinyin:B
D/com.mogujie.tt.ui.base.TTBaseFragment( 4926): [ContactFragment.java:282] - 1 - userName:陈奕迅, pinyin:C
D/com.mogujie.tt.ui.base.TTBaseFragment( 4926): [ContactFragment.java:282] - 1 - userName:成龙, pinyin:C
I/com.mogujie.tt.imlib.IMContactManager( 4926): [IMContactManager.java:216] - 269 - user -> entity:id:1854, name:晓海, nickName:晓海, avatarUrl:, title:, position:, roleStatus:0, sex:0, departmentId:1012, jobNum:0, telephone:, email:, pinyin:XiaoHai
D/com.mogujie.tt.ui.base.TTBaseFragment( 4926): [ContactFragment.java:282] - 1 - userName:陈龙, pinyin:C
I/com.mogujie.tt.imlib.IMContactManager( 4926): [IMContactManager.java:216] - 269 - user -> entity:id:1838, name:影萱, nickName:影萱, avatarUrl:, title:, position:, roleStatus:0, sex:0, departmentId:1012, jobNum:0, telephone:, email:, pinyin:YingXuan
D/com.mogujie.tt.ui.base.TTBaseFragment( 4926): [ContactFragment.java:282] - 1 - userName:陈丽丽, pinyin:C
I/com.mogujie.tt.imlib.IMContactManager( 4926): [IMContactManager.java:216] - 269 - user -> entity:id:1981, name:欣然, nickName:欣然, avatarUrl:, title:, position:, roleStatus:0, sex:0, departmentId:1012, jobNum:0, telephone:, email:, pinyin:XinRan
D/com.mogujie.tt.ui.base.TTBaseFragment( 4926): [ContactFragment.java:282] - 1 - userName:动力火车, pinyin:D
D/com.mogujie.tt.ui.base.TTBaseFragment( 4926): [ContactFragment.java:282] - 1 - userName:eric, pinyin:E
D/com.mogujie.tt.ui.base.TTBaseFragment( 4926): [ContactFragment.java:282] - 1 - userName:高进, pinyin:G
I/com.mogujie.tt.imlib.IMContactManager( 4926): [IMContactManager.java:216] - 269 - user -> entity:id:2295, name:南烛, nickName:南烛, avatarUrl:, title:, position:, roleStatus:0, sex:0, departmentId:1012, jobNum:0, telephone:, email:, pinyin:NanZhu
D/com.mogujie.tt.ui.base.TTBaseFragment( 4926): [ContactFragment.java:282] - 1 - userName:高雷, pinyin:G
I/com.mogujie.tt.imlib.IMContactManager( 4926): [IMContactManager.java:216] - 269 - user -> entity:id:1867, name:川贝, nickName:川贝, avatarUrl:, title:, position:, roleStatus:0, sex:0, departmentId:1012, jobNum:0, telephone:, email:, pinyin:ChuanBei
I/com.mogujie.tt.imlib.IMContactManager( 4926): [IMContactManager.java:216] - 269 - user -> entity:id:1929, name:星辰, nickName:星辰, avatarUrl:, title:, position:, roleStatus:0, sex:0, departmentId:1012, jobNum:0, telephone:, email:, pinyin:XingChen
D/com.mogujie.tt.ui.base.TTBaseFragment( 4926): [ContactFragment.java:282] - 1 - userName:龚琳娜, pinyin:G
D/com.mogujie.tt.ui.base.TTBaseFragment( 4926): [ContactFragment.java:282] - 1 - userName:哈林, pinyin:H
D/com.mogujie.tt.ui.base.TTBaseFragment( 4926): [ContactFragment.java:282] - 1 - userName:Jobs, pinyin:J
I/com.mogujie.tt.imlib.IMContactManager( 4926): [IMContactManager.java:216] - 269 - user -> entity:id:2195, name:达林, nickName:达林, avatarUrl:, title:, position:, roleStatus:0, sex:0, departmentId:1012, jobNum:0, telephone:, email:, pinyin:DaLin
D/com.mogujie.tt.ui.base.TTBaseFragment( 4926): [ContactFragment.java:282] - 1 - userName:Jack, pinyin:J
